Archive member included to satisfy reference by file (symbol)

e:/utn/info2/mcuxpressoide_11.9.1_2170/ide/plugins/com.nxp.mcuxpresso.tools.win32_11.9.1.202402080819/tools/bin/../lib/gcc/arm-none-eabi/12.3.1/thumb/v6-m/nofp\libc.a(libc_a-malloc.o)
                              ./src/3-firmware/cr_cpp_config.o (malloc)
e:/utn/info2/mcuxpressoide_11.9.1_2170/ide/plugins/com.nxp.mcuxpresso.tools.win32_11.9.1.202402080819/tools/bin/../lib/gcc/arm-none-eabi/12.3.1/thumb/v6-m/nofp\libc.a(libc_a-mallocr.o)
                              e:/utn/info2/mcuxpressoide_11.9.1_2170/ide/plugins/com.nxp.mcuxpresso.tools.win32_11.9.1.202402080819/tools/bin/../lib/gcc/arm-none-eabi/12.3.1/thumb/v6-m/nofp\libc.a(libc_a-malloc.o) (_malloc_r)
e:/utn/info2/mcuxpressoide_11.9.1_2170/ide/plugins/com.nxp.mcuxpresso.tools.win32_11.9.1.202402080819/tools/bin/../lib/gcc/arm-none-eabi/12.3.1/thumb/v6-m/nofp\libc.a(libc_a-mlock.o)
                              e:/utn/info2/mcuxpressoide_11.9.1_2170/ide/plugins/com.nxp.mcuxpresso.tools.win32_11.9.1.202402080819/tools/bin/../lib/gcc/arm-none-eabi/12.3.1/thumb/v6-m/nofp\libc.a(libc_a-mallocr.o) (__malloc_lock)
e:/utn/info2/mcuxpressoide_11.9.1_2170/ide/plugins/com.nxp.mcuxpresso.tools.win32_11.9.1.202402080819/tools/bin/../lib/gcc/arm-none-eabi/12.3.1/thumb/v6-m/nofp\libc.a(libc_a-impure.o)
                              e:/utn/info2/mcuxpressoide_11.9.1_2170/ide/plugins/com.nxp.mcuxpresso.tools.win32_11.9.1.202402080819/tools/bin/../lib/gcc/arm-none-eabi/12.3.1/thumb/v6-m/nofp\libc.a(libc_a-malloc.o) (_impure_ptr)
e:/utn/info2/mcuxpressoide_11.9.1_2170/ide/plugins/com.nxp.mcuxpresso.tools.win32_11.9.1.202402080819/tools/bin/../lib/gcc/arm-none-eabi/12.3.1/thumb/v6-m/nofp\libc.a(libc_a-sbrkr.o)
                              e:/utn/info2/mcuxpressoide_11.9.1_2170/ide/plugins/com.nxp.mcuxpresso.tools.win32_11.9.1.202402080819/tools/bin/../lib/gcc/arm-none-eabi/12.3.1/thumb/v6-m/nofp\libc.a(libc_a-mallocr.o) (_sbrk_r)
e:/utn/info2/mcuxpressoide_11.9.1_2170/ide/plugins/com.nxp.mcuxpresso.tools.win32_11.9.1.202402080819/tools/bin/../lib/gcc/arm-none-eabi/12.3.1/thumb/v6-m/nofp\libc.a(libc_a-init.o)
                              ./src/3-firmware/cr_startup_lpc84x.o (__libc_init_array)
e:/utn/info2/mcuxpressoide_11.9.1_2170/ide/plugins/com.nxp.mcuxpresso.tools.win32_11.9.1.202402080819/tools/bin/../lib/gcc/arm-none-eabi/12.3.1/thumb/v6-m/nofp\libc.a(libc_a-lock.o)
                              e:/utn/info2/mcuxpressoide_11.9.1_2170/ide/plugins/com.nxp.mcuxpresso.tools.win32_11.9.1.202402080819/tools/bin/../lib/gcc/arm-none-eabi/12.3.1/thumb/v6-m/nofp\libc.a(libc_a-mlock.o) (__retarget_lock_acquire_recursive)
e:/utn/info2/mcuxpressoide_11.9.1_2170/ide/plugins/com.nxp.mcuxpresso.tools.win32_11.9.1.202402080819/tools/bin/../lib/gcc/arm-none-eabi/12.3.1/thumb/v6-m/nofp\libc.a(libc_a-sysconf.o)
                              e:/utn/info2/mcuxpressoide_11.9.1_2170/ide/plugins/com.nxp.mcuxpresso.tools.win32_11.9.1.202402080819/tools/bin/../lib/gcc/arm-none-eabi/12.3.1/thumb/v6-m/nofp\libc.a(libc_a-mallocr.o) (sysconf)
e:/utn/info2/mcuxpressoide_11.9.1_2170/ide/plugins/com.nxp.mcuxpresso.tools.win32_11.9.1.202402080819/tools/bin/../lib/gcc/arm-none-eabi/12.3.1/thumb/v6-m/nofp\libc.a(libc_a-freer.o)
                              e:/utn/info2/mcuxpressoide_11.9.1_2170/ide/plugins/com.nxp.mcuxpresso.tools.win32_11.9.1.202402080819/tools/bin/../lib/gcc/arm-none-eabi/12.3.1/thumb/v6-m/nofp\libc.a(libc_a-malloc.o) (_free_r)
e:/utn/info2/mcuxpressoide_11.9.1_2170/ide/plugins/com.nxp.mcuxpresso.tools.win32_11.9.1.202402080819/tools/bin/../lib/gcc/arm-none-eabi/12.3.1/thumb/v6-m/nofp\libc.a(libc_a-findfp.o)
                              e:/utn/info2/mcuxpressoide_11.9.1_2170/ide/plugins/com.nxp.mcuxpresso.tools.win32_11.9.1.202402080819/tools/bin/../lib/gcc/arm-none-eabi/12.3.1/thumb/v6-m/nofp\libc.a(libc_a-impure.o) (__sf)
e:/utn/info2/mcuxpressoide_11.9.1_2170/ide/plugins/com.nxp.mcuxpresso.tools.win32_11.9.1.202402080819/tools/bin/../lib/gcc/arm-none-eabi/12.3.1/thumb/v6-m/nofp\libc.a(libc_a-fwalk.o)
                              e:/utn/info2/mcuxpressoide_11.9.1_2170/ide/plugins/com.nxp.mcuxpresso.tools.win32_11.9.1.202402080819/tools/bin/../lib/gcc/arm-none-eabi/12.3.1/thumb/v6-m/nofp\libc.a(libc_a-findfp.o) (_fwalk_sglue)
e:/utn/info2/mcuxpressoide_11.9.1_2170/ide/plugins/com.nxp.mcuxpresso.tools.win32_11.9.1.202402080819/tools/bin/../lib/gcc/arm-none-eabi/12.3.1/thumb/v6-m/nofp\libc.a(libc_a-stdio.o)
                              e:/utn/info2/mcuxpressoide_11.9.1_2170/ide/plugins/com.nxp.mcuxpresso.tools.win32_11.9.1.202402080819/tools/bin/../lib/gcc/arm-none-eabi/12.3.1/thumb/v6-m/nofp\libc.a(libc_a-findfp.o) (__sread)
e:/utn/info2/mcuxpressoide_11.9.1_2170/ide/plugins/com.nxp.mcuxpresso.tools.win32_11.9.1.202402080819/tools/bin/../lib/gcc/arm-none-eabi/12.3.1/thumb/v6-m/nofp\libc.a(libc_a-memset.o)
[...]
Memory Configuration

Name             Origin             Length             Attributes
MFlash64         0x00000000         0x00010000         xr
RamLoc16         0x10000000         0x00004000         xrw
*default*        0x00000000         0xffffffff

Linker script and memory map

LOAD ./src/3-firmware/systick/systick.o
LOAD ./src/3-firmware/aeabi_romdiv_patch.o
LOAD ./src/3-firmware/cr_cpp_config.o
LOAD ./src/3-firmware/cr_startup_lpc84x.o
LOAD ./src/3-firmware/crp.o
LOAD ./src/3-firmware/dr_pll.o
LOAD ./src/3-firmware/mtb.o
LOAD ./src/3-firmware/swm.o
LOAD ./src/2-aplicacion/aplicacion.o
LOAD ./src/2-aplicacion/inicializarInfotronic.o
LOAD ./src/2-aplicacion/main.o
LOAD ./src/1-modulos/12-USART/ComunicacionAsincronica.o
LOAD ./src/1-modulos/12-USART/Uart.o
LOAD ./src/1-modulos/10-lcd/Lcd.o
LOAD ./src/1-modulos/09-teclado/Teclado.o
LOAD ./src/1-modulos/08-display_de_segmentos/09C-display/display7Segmentos.o
LOAD ./src/1-modulos/08-display_de_segmentos/09B-segmentos/I4511Segmentos.o
LOAD ./src/1-modulos/08-display_de_segmentos/09A-barrido/I4017Barrido.o
LOAD ./src/1-modulos/07-leds/Led.o
LOAD ./src/1-modulos/06-PerifericosTemporizados/perifericotemporizado.o
LOAD ./src/1-modulos/05-SalidasDigitales/digital_outputs.o
LOAD ./src/1-modulos/04-EntradasDigitales/digital_inputs.o
LOAD ./src/1-modulos/03-timer/Timer.o
LOAD ./src/1-modulos/02-gpio/Gpio.o
START GROUP
LOAD e:/utn/info2/mcuxpressoide_11.9.1_2170/ide/plugins/com.nxp.mcuxpresso.tools.win32_11.9.1.202402080819/tools/bin/../lib/gcc/arm-none-eabi/12.3.1/thumb/v6-m/nofp\libgcc.a
LOAD e:/utn/info2/mcuxpressoide_11.9.1_2170/ide/plugins/com.nxp.mcuxpresso.tools.win32_11.9.1.202402080819/tools/bin/../lib/gcc/arm-none-eabi/12.3.1/thumb/v6-m/nofp\libc.a
LOAD e:/utn/info2/mcuxpressoide_11.9.1_2170/ide/plugins/com.nxp.mcuxpresso.tools.win32_11.9.1.202402080819/tools/bin/../lib/gcc/arm-none-eabi/12.3.1/thumb/v6-m/nofp\libstdc++.a
LOAD e:/utn/info2/mcuxpressoide_11.9.1_2170/ide/plugins/com.nxp.mcuxpresso.tools.win32_11.9.1.202402080819/tools/bin/../lib/gcc/arm-none-eabi/12.3.1/thumb/v6-m/nofp\libm.a
LOAD e:/utn/info2/mcuxpressoide_11.9.1_2170/ide/plugins/com.nxp.mcuxpresso.tools.win32_11.9.1.202402080819/tools/bin/../lib/gcc/arm-none-eabi/12.3.1/../../../../arm-none-eabi/lib/thumb/v6-m/nofp\libcr_newlib_nohost.a
LOAD e:/utn/info2/mcuxpressoide_11.9.1_2170/ide/plugins/com.nxp.mcuxpresso.tools.win32_11.9.1.202402080819/tools/bin/../lib/gcc/arm-none-eabi/12.3.1/thumb/v6-m/nofp\crti.o
LOAD e:/utn/info2/mcuxpressoide_11.9.1_2170/ide/plugins/com.nxp.mcuxpresso.tools.win32_11.9.1.202402080819/tools/bin/../lib/gcc/arm-none-eabi/12.3.1/thumb/v6-m/nofp\crtn.o
LOAD e:/utn/info2/mcuxpressoide_11.9.1_2170/ide/plugins/com.nxp.mcuxpresso.tools.win32_11.9.1.202402080819/tools/bin/../lib/gcc/arm-none-eabi/12.3.1/thumb/v6-m/nofp\crtbegin.o
LOAD e:/utn/info2/mcuxpressoide_11.9.1_2170/ide/plugins/com.nxp.mcuxpresso.tools.win32_11.9.1.202402080819/tools/bin/../lib/gcc/arm-none-eabi/12.3.1/thumb/v6-m/nofp\crtend.o
END GROUP
                0x00000000                        __base_MFlash64 = 0x0
                0x00000000                        __base_Flash = 0x0
                0x00010000                        __top_MFlash64 = 0x10000
                0x00010000                        __top_Flash = 0x10000
                0x10000000                        __base_RamLoc16 = 0x10000000
                0x10000000                        __base_RAM = 0x10000000
                0x10004000                        __top_RamLoc16 = 0x10004000
                0x10004000                        __top_RAM = 0x10004000

.text           0x00000000     0x34f8
 FILL mask 0xff
                0x00000000                        __vectors_start__ = ABSOLUTE (.)
 *(.isr_vector)
 .isr_vector    0x00000000       0xc0 ./src/3-firmware/cr_startup_lpc84x.o
                0x00000000                g_pfnVectors
                0x000000c0                        . = ALIGN (0x4)
                0x000000c0                        __section_table_start = .
                0x000000c0                        __data_section_table = .
                0x000000c0        0x4 LONG 0x3500 LOADADDR (.data)
                0x000000c4        0x4 LONG 0x10000100 ADDR (.data)
                0x000000c8        0x4 LONG 0x5ac SIZEOF (.data)
                0x000000cc                        __data_section_table_end = .
                0x000000cc                        __bss_section_table = .
                0x000000cc        0x4 LONG 0x100006ac ADDR (.bss)
                0x000000d0        0x4 LONG 0x608 SIZEOF (.bss)
                0x000000d4                        __bss_section_table_end = .
                0x000000d4                        __section_table_end = .
 *(.after_vectors*)
 .after_vectors
                0x000000d4      0x154 ./src/3-firmware/cr_startup_lpc84x.o
                0x000000d4                data_init(unsigned int, unsigned int, unsigned int)
                0x00000116                bss_init(unsigned int, unsigned int)
                0x0000014c                ResetISR
                0x000001f8                NMI_Handler
                0x00000200                HardFault_Handler
                0x00000208                SVC_Handler
                0x00000210                PendSV_Handler
                0x00000220                PININT1_IRQHandler
                0x00000220                MRT_IRQHandler
                0x00000220                I2C1_IRQHandler
                0x00000220                ADC_SEQB_IRQHandler
                0x00000220                SPI1_IRQHandler
                0x00000220                IntDefaultHandler
                0x00000220                PININT2_IRQHandler
                0x00000220                I2C2_IRQHandler
                0x00000220                PININT3_IRQHandler
                0x00000220                PININT5_IRQHandler
                0x00000220                PININT4_IRQHandler
                0x00000220                WKT_IRQHandler
                0x00000220                ADC_THCMP_IRQHandler
                0x00000220                PININT0_IRQHandler
                0x00000220                BOD_IRQHandler
                0x00000220                I2C3_IRQHandler
                0x00000220                SCT_IRQHandler
                0x00000220                I2C0_IRQHandler
                0x00000220                WDT_IRQHandler
                0x00000220                ADC_OVR_IRQHandler
                0x00000220                ADC_SEQA_IRQHandler
                0x00000220                FAIM_IRQHandler
                0x00000220                DAC0_IRQHandler
                0x00000220                SPI0_IRQHandler
                0x00000220                CMP_IRQHandler
                0x00000220                DMA_IRQHandler
                0x00000220                FLASH_IRQHandler
                0x00000220                CTIMER0_IRQHandler
                0x000002fc                        . = 0x2fc
 *fill*         0x00000228       0xd4 ff
                0x000002fc                        PROVIDE (__CRP_WORD_START__ = .)
 *(.crp)
 .crp           0x000002fc        0x4 ./src/3-firmware/crp.o
                0x000002fc                CRP_WORD
                0x00000300                        PROVIDE (__CRP_WORD_END__ = .)
                0x00000001                        ASSERT (! ((__CRP_WORD_START__ == __CRP_WORD_END__)), Linker CRP Enabled, but no CRP_WORD provided within application)
 *(.text*)
 .text.SysTick_Handler
                0x00000300       0x1c ./src/3-firmware/systick/systick.o
                0x00000300                SysTick_Handler
 .text._Z24SysTick_InstalarCallBackPFvvE
                0x0000031c       0x1c ./src/3-firmware/systick/systick.o
                0x0000031c                SysTick_InstalarCallBack(void (*)())
 .text._Z19SysTick_Inicializarj
                0x00000338       0x58 ./src/3-firmware/systick/systick.o
                0x00000338                SysTick_Inicializar(unsigned int)
 .text.__aeabi_uidiv
                0x00000390       0x10 ./src/3-firmware/aeabi_romdiv_patch.o
                0x00000390                __aeabi_uidivmod
                0x00000390                __aeabi_uidiv
 .text._Znaj    0x000003a0       0x1a ./src/3-firmware/cr_cpp_config.o
                0x000003a0                operator new[](unsigned int)
 .text._ZdlPv   0x000003ba       0x18 ./src/3-firmware/cr_cpp_config.o
                0x000003ba                operator delete(void*)
 .text.__aeabi_atexit
                0x000003d2       0x16 ./src/3-firmware/cr_cpp_config.o
                0x000003d2                __aeabi_atexit
 .text._Z15Inicializar_PLLv
                0x000003e8       0xb8 ./src/3-firmware/dr_pll.o
                0x000003e8                Inicializar_PLL()
 .text._Z16PINASSIGN_Confighhh
                0x000004a0       0xa8 ./src/3-firmware/swm.o
                0x000004a0                PINASSIGN_Config(unsigned char, unsigned char, unsigned char)
 .text._Z9Shedullerv
                0x00000548       0x54 ./src/2-aplicacion/aplicacion.o
                0x00000548                Sheduller()
 .text._ZN6InputsD2Ev
                0x0000059c       0x1c ./src/2-aplicacion/inicializarInfotronic.o
                0x0000059c                Inputs::~Inputs()
                0x0000059c                Inputs::~Inputs()
 .text._ZN6InputsD0Ev
                0x000005b8       0x24 ./src/2-aplicacion/inicializarInfotronic.o
                0x000005b8                Inputs::~Inputs()
 .text._ZN7OutputsD2Ev
                0x000005dc       0x1c ./src/2-aplicacion/inicializarInfotronic.o
                0x000005dc                Outputs::~Outputs()
                0x000005dc                Outputs::~Outputs()
 .text._ZN7OutputsD0Ev
                0x000005f8       0x24 ./src/2-aplicacion/inicializarInfotronic.o
                0x000005f8                Outputs::~Outputs()
 .text._ZN4GpioD2Ev
                0x0000061c       0x48 ./src/2-aplicacion/inicializarInfotronic.o
                0x0000061c                Gpio::~Gpio()
                0x0000061c                Gpio::~Gpio()
                0x00000654                non-virtual thunk to Gpio::~Gpio()
 .text._ZN4GpioD0Ev
                0x00000664       0x34 ./src/2-aplicacion/inicializarInfotronic.o
                0x00000664                Gpio::~Gpio()
                0x00000688                non-virtual thunk to Gpio::~Gpio()
 .text._ZN7BarridoC2Ev
                0x00000698       0x1c ./src/2-aplicacion/inicializarInfotronic.o
                0x00000698                Barrido::Barrido()
                0x00000698                Barrido::Barrido()
 .text._ZN13I4017_BarridoC2EPP4Gpio
                0x000006b4       0x48 ./src/2-aplicacion/inicializarInfotronic.o
                0x000006b4                I4017_Barrido::I4017_Barrido(Gpio**)
                0x000006b4                I4017_Barrido::I4017_Barrido(Gpio**)
 .text._ZN9SegmentosC2Ev
                0x000006fc       0x1c ./src/2-aplicacion/inicializarInfotronic.o
                0x000006fc                Segmentos::Segmentos()
                0x000006fc                Segmentos::Segmentos()
 .text._ZN15I4511_SegmentosC2EPP4Gpio
                0x00000718       0x2c ./src/2-aplicacion/inicializarInfotronic.o
                0x00000718                I4511_Segmentos::I4511_Segmentos(Gpio**)
                0x00000718                I4511_Segmentos::I4511_Segmentos(Gpio**)
 .text._Z21InicializarInfotronicv
                0x00000744       0x3c ./src/2-aplicacion/inicializarInfotronic.o
                0x00000744                InicializarInfotronic()
 .text._Z41__static_initialization_and_destruction_0ii
                0x00000780      0x4a4 ./src/2-aplicacion/inicializarInfotronic.o
 .text._GLOBAL__sub_I_g_bcdA
                0x00000c24       0x18 ./src/2-aplicacion/inicializarInfotronic.o
 .text.main     0x00000c3c       0xf0 ./src/2-aplicacion/main.o
                0x00000c3c                main
 .text._ZN23ComunicacionAsincronicaC2Ev
                0x00000d2c       0x1c ./src/1-modulos/12-USART/ComunicacionAsincronica.o
                0x00000d2c                ComunicacionAsincronica::ComunicacionAsincronica()
                0x00000d2c                ComunicacionAsincronica::ComunicacionAsincronica()
 .text._ZN23ComunicacionAsincronicaD2Ev
                0x00000d48       0x1c ./src/1-modulos/12-USART/ComunicacionAsincronica.o
                0x00000d48                ComunicacionAsincronica::~ComunicacionAsincronica()
                0x00000d48                ComunicacionAsincronica::~ComunicacionAsincronica()
 .text._ZN4UartC2EhhhhhjNS_13bits_de_datosENS_9paridad_tEjj
                0x00000d64      0x2e8 ./src/1-modulos/12-USART/Uart.o
                0x00000d64                Uart::Uart(unsigned char, unsigned char, unsigned char, unsigned char, unsigned char, unsigned int, Uart::bits_de_datos, Uart::paridad_t, unsigned int, unsigned int)
                0x00000d64                Uart::Uart(unsigned char, unsigned char, unsigned char, unsigned char, unsigned char, unsigned int, Uart::bits_de_datos, Uart::paridad_t, unsigned int, unsigned int)
 .text._ZN4UartD2Ev
                0x0000104c       0x24 ./src/1-modulos/12-USART/Uart.o
                0x0000104c                Uart::~Uart()
                0x0000104c                Uart::~Uart()
 .text._ZN4UartD0Ev
                0x00001070       0x24 ./src/1-modulos/12-USART/Uart.o
                0x00001070                Uart::~Uart()
 .text._ZN4Uart6pushRxEh
                0x00001094       0x48 ./src/1-modulos/12-USART/Uart.o
                0x00001094                Uart::pushRx(unsigned char)
 .text._ZN4Uart5popRxEPh
                0x000010dc       0x56 ./src/1-modulos/12-USART/Uart.o
                0x000010dc                Uart::popRx(unsigned char*)
 .text._ZN4Uart6pushTxEh
                0x00001132       0x48 ./src/1-modulos/12-USART/Uart.o
                0x00001132                Uart::pushTx(unsigned char)
 .text._ZN4Uart5popTxEPh
                0x0000117a       0x56 ./src/1-modulos/12-USART/Uart.o
                0x0000117a                Uart::popTx(unsigned char*)
 .text._ZN4Uart8TransmitEPKc
                0x000011d0       0x50 ./src/1-modulos/12-USART/Uart.o
                0x000011d0                Uart::Transmit(char const*)
 .text._ZN4Uart8TransmitEPvj
                0x00001220       0x5a ./src/1-modulos/12-USART/Uart.o
                0x00001220                Uart::Transmit(void*, unsigned int)
 *fill*         0x0000127a        0x2 ff
 .text._ZN4Uart7MessageEPvj
                0x0000127c       0x8c ./src/1-modulos/12-USART/Uart.o
                0x0000127c                Uart::Message(void*, unsigned int)
 .text._ZN4Uart17Tx_EnableInteruptEv
                0x00001308       0x18 ./src/1-modulos/12-USART/Uart.o
                0x00001308                Uart::Tx_EnableInterupt()
 .text._ZN4Uart18Tx_DisableInteruptEv
                0x00001320       0x18 ./src/1-modulos/12-USART/Uart.o
                0x00001320                Uart::Tx_DisableInterupt()
 .text._ZN4Uart15UART_IRQHandlerEv
                0x00001338       0x86 ./src/1-modulos/12-USART/Uart.o
                0x00001338                Uart::UART_IRQHandler()
 *fill*         0x000013be        0x2 ff
 .text.UART0_IRQHandler
                0x000013c0       0x20 ./src/1-modulos/12-USART/Uart.o
                0x000013c0                UART0_IRQHandler
 .text.UART1_IRQHandler
                0x000013e0       0x20 ./src/1-modulos/12-USART/Uart.o
                0x000013e0                UART1_IRQHandler
 .text.UART2_IRQHandler
                0x00001400       0x20 ./src/1-modulos/12-USART/Uart.o
                0x00001400                UART2_IRQHandler
 .text.PININT6_IRQHandler
                0x00001420       0x20 ./src/1-modulos/12-USART/Uart.o
                0x00001420                PININT6_IRQHandler
 .text.PININT7_IRQHandler
                0x00001440       0x20 ./src/1-modulos/12-USART/Uart.o
                0x00001440                PININT7_IRQHandler
 .text._ZN3LcdD2Ev
                0x00001460       0x24 ./src/1-modulos/10-lcd/Lcd.o
                0x00001460                Lcd::~Lcd()
                0x00001460                Lcd::~Lcd()
 .text._ZN3LcdD0Ev
                0x00001484       0x28 ./src/1-modulos/10-lcd/Lcd.o
                0x00001484                Lcd::~Lcd()
 .text._ZN3Lcd3SetEPKchh
                0x000014ac       0x90 ./src/1-modulos/10-lcd/Lcd.o
                0x000014ac                Lcd::Set(char const*, unsigned char, unsigned char)
 .text._ZN3LcdC2EPP4Gpio
                0x0000153c      0x2e4 ./src/1-modulos/10-lcd/Lcd.o
                0x0000153c                Lcd::Lcd(Gpio**)
                0x0000153c                Lcd::Lcd(Gpio**)
 .text._ZN3Lcd4PushEhh
                0x00001820      0x104 ./src/1-modulos/10-lcd/Lcd.o
                0x00001820                Lcd::Push(unsigned char, unsigned char)
 .text._ZN3Lcd3PopEv
                0x00001924       0x86 ./src/1-modulos/10-lcd/Lcd.o
                0x00001924                Lcd::Pop()
 .text._ZN3Lcd20HandlerDelPerifericoEv
                0x000019aa      0x1a2 ./src/1-modulos/10-lcd/Lcd.o
                0x000019aa                Lcd::HandlerDelPeriferico()
 .text._ZN7TecladoC2EPP4GpioS2_
                0x00001b4c       0xc4 ./src/1-modulos/09-teclado/Teclado.o
                0x00001b4c                Teclado::Teclado(Gpio**, Gpio**)
                0x00001b4c                Teclado::Teclado(Gpio**, Gpio**)
 .text._ZN7TecladoD2Ev
                0x00001c10       0x24 ./src/1-modulos/09-teclado/Teclado.o
                0x00001c10                Teclado::~Teclado()
                0x00001c10                Teclado::~Teclado()
 .text._ZN7TecladoD0Ev
                0x00001c34       0x24 ./src/1-modulos/09-teclado/Teclado.o
                0x00001c34                Teclado::~Teclado()
 .text._ZN7Teclado20HandlerDelPerifericoEv
                0x00001c58       0x2e ./src/1-modulos/09-teclado/Teclado.o
                0x00001c58                Teclado::HandlerDelPeriferico()
 .text._ZN7Teclado9TecladoHWEv
                0x00001c86      0x182 ./src/1-modulos/09-teclado/Teclado.o
                0x00001c86                Teclado::TecladoHW()
 .text._ZN7Teclado9TecladoSWEh
                0x00001e08       0x9e ./src/1-modulos/09-teclado/Teclado.o
                0x00001e08                Teclado::TecladoSW(unsigned char)
 .text._ZN7Teclado6GetKeyEv
                0x00001ea6       0x24 ./src/1-modulos/09-teclado/Teclado.o
                0x00001ea6                Teclado::GetKey()
 *fill*         0x00001eca        0x2 ff
 .text._ZN17Display7SegmentosC2EP9SegmentosP7BarridoP14GrupoDeDigitosPh
                0x00001ecc       0xe4 ./src/1-modulos/08-display_de_segmentos/09C-display/display7Segmentos.o
                0x00001ecc                Display7Segmentos::Display7Segmentos(Segmentos*, Barrido*, GrupoDeDigitos*, unsigned char*)
                0x00001ecc                Display7Segmentos::Display7Segmentos(Segmentos*, Barrido*, GrupoDeDigitos*, unsigned char*)
 .text._ZN17Display7Segmentos20HandlerDelPerifericoEv
                0x00001fb0       0x8c ./src/1-modulos/08-display_de_segmentos/09C-display/display7Segmentos.o
                0x00001fb0                Display7Segmentos::HandlerDelPeriferico()
 .text._ZN17Display7Segmentos10SetDisplayEjNS_8nDisplayE
                0x0000203c      0x124 ./src/1-modulos/08-display_de_segmentos/09C-display/display7Segmentos.o
                0x0000203c                Display7Segmentos::SetDisplay(unsigned int, Display7Segmentos::nDisplay)
 .text._ZN17Display7SegmentosD2Ev
                0x00002160       0x24 ./src/1-modulos/08-display_de_segmentos/09C-display/display7Segmentos.o
                0x00002160                Display7Segmentos::~Display7Segmentos()
                0x00002160                Display7Segmentos::~Display7Segmentos()
 .text._ZN17Display7SegmentosD0Ev
                0x00002184       0x24 ./src/1-modulos/08-display_de_segmentos/09C-display/display7Segmentos.o
                0x00002184                Display7Segmentos::~Display7Segmentos()
 .text._ZN9SegmentosD2Ev
                0x000021a8       0x1c ./src/1-modulos/08-display_de_segmentos/09B-segmentos/I4511Segmentos.o
                0x000021a8                Segmentos::~Segmentos()
                0x000021a8                Segmentos::~Segmentos()
 .text._ZN9SegmentosD0Ev
                0x000021c4       0x24 ./src/1-modulos/08-display_de_segmentos/09B-segmentos/I4511Segmentos.o
                0x000021c4                Segmentos::~Segmentos()
 .text._ZN15I4511_SegmentosD2Ev
                0x000021e8       0x24 ./src/1-modulos/08-display_de_segmentos/09B-segmentos/I4511Segmentos.o
                0x000021e8                I4511_Segmentos::~I4511_Segmentos()
                0x000021e8                I4511_Segmentos::~I4511_Segmentos()
 .text._ZN15I4511_SegmentosD0Ev
                0x0000220c       0x24 ./src/1-modulos/08-display_de_segmentos/09B-segmentos/I4511Segmentos.o
                0x0000220c                I4511_Segmentos::~I4511_Segmentos()
 .text._ZN15I4511_Segmentos12SetSegmentosEh
                0x00002230       0xb4 ./src/1-modulos/08-display_de_segmentos/09B-segmentos/I4511Segmentos.o
                0x00002230                I4511_Segmentos::SetSegmentos(unsigned char)
 .text._ZN15I4511_Segmentos12ClrSegmentosEv
                0x000022e4       0x1e ./src/1-modulos/08-display_de_segmentos/09B-segmentos/I4511Segmentos.o
                0x000022e4                I4511_Segmentos::ClrSegmentos()
 *fill*         0x00002302        0x2 ff
 .text._ZN7BarridoD2Ev
                0x00002304       0x1c ./src/1-modulos/08-display_de_segmentos/09A-barrido/I4017Barrido.o
                0x00002304                Barrido::~Barrido()
                0x00002304                Barrido::~Barrido()
 .text._ZN7BarridoD0Ev
                0x00002320       0x24 ./src/1-modulos/08-display_de_segmentos/09A-barrido/I4017Barrido.o
                0x00002320                Barrido::~Barrido()
 .text._ZN13I4017_BarridoD2Ev
                0x00002344       0x24 ./src/1-modulos/08-display_de_segmentos/09A-barrido/I4017Barrido.o
                0x00002344                I4017_Barrido::~I4017_Barrido()
                0x00002344                I4017_Barrido::~I4017_Barrido()
 .text._ZN13I4017_BarridoD0Ev
                0x00002368       0x24 ./src/1-modulos/08-display_de_segmentos/09A-barrido/I4017Barrido.o
                0x00002368                I4017_Barrido::~I4017_Barrido()
 .text._ZN13I4017_Barrido8SetResetEv
                0x0000238c       0x56 ./src/1-modulos/08-display_de_segmentos/09A-barrido/I4017Barrido.o
                0x0000238c                I4017_Barrido::SetReset()
 .text._ZN13I4017_Barrido8SetClockEv
                0x000023e2       0x5c ./src/1-modulos/08-display_de_segmentos/09A-barrido/I4017Barrido.o
                0x000023e2                I4017_Barrido::SetClock()
 .text._ZN13I4017_Barrido9SetDigitoEv
                0x0000243e       0x3a ./src/1-modulos/08-display_de_segmentos/09A-barrido/I4017Barrido.o
                0x0000243e                I4017_Barrido::SetDigito()
 .text._ZN13I4017_Barrido11SetNDigitosEh
                0x00002478       0x1e ./src/1-modulos/08-display_de_segmentos/09A-barrido/I4017Barrido.o
                0x00002478                I4017_Barrido::SetNDigitos(unsigned char)
 *fill*         0x00002496        0x2 ff
 .text._ZN21PerifericoTemporizadoC2Ev
                0x00002498       0x1c ./src/1-modulos/06-PerifericosTemporizados/perifericotemporizado.o
                0x00002498                PerifericoTemporizado::PerifericoTemporizado()
                0x00002498                PerifericoTemporizado::PerifericoTemporizado()
 .text._ZN21PerifericoTemporizadoD2Ev
                0x000024b4       0x1c ./src/1-modulos/06-PerifericosTemporizados/perifericotemporizado.o
                0x000024b4                PerifericoTemporizado::~PerifericoTemporizado()
                0x000024b4                PerifericoTemporizado::~PerifericoTemporizado()
 .text._ZN21PerifericoTemporizado29InstalarPerifericoTemporizadoEPS_
                0x000024d0       0x34 ./src/1-modulos/06-PerifericosTemporizados/perifericotemporizado.o
                0x000024d0                PerifericoTemporizado::InstalarPerifericoTemporizado(PerifericoTemporizado*)
 .text._ZN6InputsC2Ev
                0x00002504       0x1c ./src/1-modulos/02-gpio/Gpio.o
                0x00002504                Inputs::Inputs()
                0x00002504                Inputs::Inputs()
 .text._ZN7OutputsC2Ev
                0x00002520       0x1c ./src/1-modulos/02-gpio/Gpio.o
                0x00002520                Outputs::Outputs()
                0x00002520                Outputs::Outputs()
 .text._ZN4GpioC2Ehhhhh
                0x0000253c      0x118 ./src/1-modulos/02-gpio/Gpio.o
                0x0000253c                Gpio::Gpio(unsigned char, unsigned char, unsigned char, unsigned char, unsigned char)
                0x0000253c                Gpio::Gpio(unsigned char, unsigned char, unsigned char, unsigned char, unsigned char)
 .text._ZN4Gpio6SetPinEv
                0x00002654       0x56 ./src/1-modulos/02-gpio/Gpio.o
                0x00002654                Gpio::SetPin()
 .text._ZN4Gpio6ClrPinEv
                0x000026aa       0x66 ./src/1-modulos/02-gpio/Gpio.o
                0x000026aa                Gpio::ClrPin()
 .text._ZN4Gpio12SetTogglePinEv
                0x00002710       0x3c ./src/1-modulos/02-gpio/Gpio.o
                0x00002710                Gpio::SetTogglePin()
 .text._ZN4Gpio13SetDirOutputsEv
                0x0000274c       0x42 ./src/1-modulos/02-gpio/Gpio.o
                0x0000274c                Gpio::SetDirOutputs()
 .text._ZN4Gpio12SetDirInputsEv
                0x0000278e       0x42 ./src/1-modulos/02-gpio/Gpio.o
                0x0000278e                Gpio::SetDirInputs()
 .text._ZThn4_N4Gpio12SetDirInputsEv
                0x000027d0       0x10 ./src/1-modulos/02-gpio/Gpio.o
                0x000027d0                non-virtual thunk to Gpio::SetDirInputs()
 .text._ZNK4Gpio6GetPinEv
                0x000027e0       0x60 ./src/1-modulos/02-gpio/Gpio.o
                0x000027e0                Gpio::GetPin() const
 .text._ZThn4_NK4Gpio6GetPinEv
                0x00002840       0x10 ./src/1-modulos/02-gpio/Gpio.o
                0x00002840                non-virtual thunk to Gpio::GetPin() const
 .text._ZN4Gpio13SetPinModeOutEv
                0x00002850       0x12 ./src/1-modulos/02-gpio/Gpio.o
                0x00002850                Gpio::SetPinModeOut()
 *fill*         0x00002862        0x2 ff
 .text._ZN4Gpio12SetPinModeInEv
                0x00002864       0x70 ./src/1-modulos/02-gpio/Gpio.o
                0x00002864                Gpio::SetPinModeIn()
 .text._ZThn4_N4Gpio12SetPinModeInEv
                0x000028d4       0x10 ./src/1-modulos/02-gpio/Gpio.o
                0x000028d4                non-virtual thunk to Gpio::SetPinModeIn()
 .text.malloc   0x000028e4       0x14 e:/utn/info2/mcuxpressoide_11.9.1_2170/ide/plugins/com.nxp.mcuxpresso.tools.win32_11.9.1.202402080819/tools/bin/../lib/gcc/arm-none-eabi/12.3.1/thumb/v6-m/nofp\libc.a(libc_a-malloc.o)
                0x000028e4                malloc
 .text.free     0x000028f8       0x14 e:/utn/info2/mcuxpressoide_11.9.1_2170/ide/plugins/com.nxp.mcuxpresso.tools.win32_11.9.1.202402080819/tools/bin/../lib/gcc/arm-none-eabi/12.3.1/thumb/v6-m/nofp\libc.a(libc_a-malloc.o)
                0x000028f8                free
 .text._malloc_r
                0x0000290c      0x5c4 e:/utn/info2/mcuxpressoide_11.9.1_2170/ide/plugins/com.nxp.mcuxpresso.tools.win32_11.9.1.202402080819/tools/bin/../lib/gcc/arm-none-eabi/12.3.1/thumb/v6-m/nofp\libc.a(libc_a-mallocr.o)
                0x0000290c                _malloc_r
 .text.__malloc_lock
                0x00002ed0       0x10 e:/utn/info2/mcuxpressoide_11.9.1_2170/ide/plugins/com.nxp.mcuxpresso.tools.win32_11.9.1.202402080819/tools/bin/../lib/gcc/arm-none-eabi/12.3.1/thumb/v6-m/nofp\libc.a(libc_a-mlock.o)
                0x00002ed0                __malloc_lock
 .text.__malloc_unlock
                0x00002ee0       0x10 e:/utn/info2/mcuxpressoide_11.9.1_2170/ide/plugins/com.nxp.mcuxpresso.tools.win32_11.9.1.202402080819/tools/bin/../lib/gcc/arm-none-eabi/12.3.1/thumb/v6-m/nofp\libc.a(libc_a-mlock.o)
                0x00002ee0                __malloc_unlock
 .text._sbrk_r  0x00002ef0       0x24 e:/utn/info2/mcuxpressoide_11.9.1_2170/ide/plugins/com.nxp.mcuxpresso.tools.win32_11.9.1.202402080819/tools/bin/../lib/gcc/arm-none-eabi/12.3.1/thumb/v6-m/nofp\libc.a(libc_a-sbrkr.o)
                0x00002ef0                _sbrk_r
 .text.__libc_init_array
                0x00002f14       0x48 e:/utn/info2/mcuxpressoide_11.9.1_2170/ide/plugins/com.nxp.mcuxpresso.tools.win32_11.9.1.202402080819/tools/bin/../lib/gcc/arm-none-eabi/12.3.1/thumb/v6-m/nofp\libc.a(libc_a-init.o)
                0x00002f14                __libc_init_array
 .text.__retarget_lock_acquire_recursive
                0x00002f5c        0x4 e:/utn/info2/mcuxpressoide_11.9.1_2170/ide/plugins/com.nxp.mcuxpresso.tools.win32_11.9.1.202402080819/tools/bin/../lib/gcc/arm-none-eabi/12.3.1/thumb/v6-m/nofp\libc.a(libc_a-lock.o)
                0x00002f5c                __retarget_lock_acquire_recursive
 .text.__retarget_lock_release_recursive
                0x00002f60        0x4 e:/utn/info2/mcuxpressoide_11.9.1_2170/ide/plugins/com.nxp.mcuxpresso.tools.win32_11.9.1.202402080819/tools/bin/../lib/gcc/arm-none-eabi/12.3.1/thumb/v6-m/nofp\libc.a(libc_a-lock.o)
                0x00002f60                __retarget_lock_release_recursive
 .text.sysconf  0x00002f64       0x1c e:/utn/info2/mcuxpressoide_11.9.1_2170/ide/plugins/com.nxp.mcuxpresso.tools.win32_11.9.1.202402080819/tools/bin/../lib/gcc/arm-none-eabi/12.3.1/thumb/v6-m/nofp\libc.a(libc_a-sysconf.o)
                0x00002f64                sysconf
 .text._malloc_trim_r
                0x00002f80       0xb4 e:/utn/info2/mcuxpressoide_11.9.1_2170/ide/plugins/com.nxp.mcuxpresso.tools.win32_11.9.1.202402080819/tools/bin/../lib/gcc/arm-none-eabi/12.3.1/thumb/v6-m/nofp\libc.a(libc_a-freer.o)
                0x00002f80                _malloc_trim_r
 .text._free_r  0x00003034      0x1d4 e:/utn/info2/mcuxpressoide_11.9.1_2170/ide/plugins/com.nxp.mcuxpresso.tools.win32_11.9.1.202402080819/tools/bin/../lib/gcc/arm-none-eabi/12.3.1/thumb/v6-m/nofp\libc.a(libc_a-freer.o)
                0x00003034                _free_r
 .text.__errno  0x00003208        0xc e:/utn/info2/mcuxpressoide_11.9.1_2170/ide/plugins/com.nxp.mcuxpresso.tools.win32_11.9.1.202402080819/tools/bin/../lib/gcc/arm-none-eabi/12.3.1/thumb/v6-m/nofp\libc.a(libc_a-errno.o)
                0x00003208                __errno
 .text._ZdlPvj  0x00003214        0x8 e:/utn/info2/mcuxpressoide_11.9.1_2170/ide/plugins/com.nxp.mcuxpresso.tools.win32_11.9.1.202402080819/tools/bin/../lib/gcc/arm-none-eabi/12.3.1/thumb/v6-m/nofp\libstdc++.a(del_ops.o)
                0x00003214                operator delete(void*, unsigned int)
 .text._sbrk    0x0000321c       0x40 e:/utn/info2/mcuxpressoide_11.9.1_2170/ide/plugins/com.nxp.mcuxpresso.tools.win32_11.9.1.202402080819/tools/bin/../lib/gcc/arm-none-eabi/12.3.1/../../../../arm-none-eabi/lib/thumb/v6-m/nofp\libcr_newlib_nohost.a(_cr_sbrk.o)
                0x0000321c                _sbrk
 .text.__check_heap_overflow
                0x0000325c       0x18 e:/utn/info2/mcuxpressoide_11.9.1_2170/ide/plugins/com.nxp.mcuxpresso.tools.win32_11.9.1.202402080819/tools/bin/../lib/gcc/arm-none-eabi/12.3.1/../../../../arm-none-eabi/lib/thumb/v6-m/nofp\libcr_newlib_nohost.a(_cr_check_heap.o)
                0x0000325c                __check_heap_overflow
 .text.register_tm_clones
                0x00003274       0x28 e:/utn/info2/mcuxpressoide_11.9.1_2170/ide/plugins/com.nxp.mcuxpresso.tools.win32_11.9.1.202402080819/tools/bin/../lib/gcc/arm-none-eabi/12.3.1/thumb/v6-m/nofp\crtbegin.o
 .text.frame_dummy
                0x0000329c       0x24 e:/utn/info2/mcuxpressoide_11.9.1_2170/ide/plugins/com.nxp.mcuxpresso.tools.win32_11.9.1.202402080819/tools/bin/../lib/gcc/arm-none-eabi/12.3.1/thumb/v6-m/nofp\crtbegin.o
 *(.rodata .rodata.* .constdata .constdata.*)
 .rodata._ZTV9Segmentos
                0x000032c0       0x18 ./src/2-aplicacion/inicializarInfotronic.o
                0x000032c0                vtable for Segmentos
 .rodata._ZTV7Barrido
                0x000032d8       0x18 ./src/2-aplicacion/inicializarInfotronic.o
                0x000032d8                vtable for Barrido
 .rodata._ZTV7Outputs
                0x000032f0       0x24 ./src/2-aplicacion/inicializarInfotronic.o
                0x000032f0                vtable for Outputs
 .rodata._ZTV6Inputs
                0x00003314       0x1c ./src/2-aplicacion/inicializarInfotronic.o
                0x00003314                vtable for Inputs
 .rodata.main.str1.4
                0x00003330       0x25 ./src/2-aplicacion/main.o
 *fill*         0x00003355        0x3 ff
 .rodata._ZTV23ComunicacionAsincronica
                0x00003358       0x30 ./src/1-modulos/12-USART/ComunicacionAsincronica.o
                0x00003358                vtable for ComunicacionAsincronica
 .rodata._ZN4UartC2EhhhhhjNS_13bits_de_datosENS_9paridad_tEjj
                0x00003388       0x14 ./src/1-modulos/12-USART/Uart.o
 .rodata._ZTV4Uart
                0x0000339c       0x30 ./src/1-modulos/12-USART/Uart.o
                0x0000339c                vtable for Uart
 .rodata._ZTV3Lcd
                0x000033cc       0x14 ./src/1-modulos/10-lcd/Lcd.o
                0x000033cc                vtable for Lcd
 .rodata._ZTV7Teclado
                0x000033e0       0x14 ./src/1-modulos/09-teclado/Teclado.o
                0x000033e0                vtable for Teclado
 .rodata._ZTV17Display7Segmentos
                0x000033f4       0x14 ./src/1-modulos/08-display_de_segmentos/09C-display/display7Segmentos.o
                0x000033f4                vtable for Display7Segmentos
 .rodata._ZTV15I4511_Segmentos
                0x00003408       0x18 ./src/1-modulos/08-display_de_segmentos/09B-segmentos/I4511Segmentos.o
                0x00003408                vtable for I4511_Segmentos
 .rodata._ZTV13I4017_Barrido
                0x00003420       0x18 ./src/1-modulos/08-display_de_segmentos/09A-barrido/I4017Barrido.o
                0x00003420                vtable for I4017_Barrido
 .rodata._ZTV21PerifericoTemporizado
                0x00003438       0x14 ./src/1-modulos/06-PerifericosTemporizados/perifericotemporizado.o
                0x00003438                vtable for PerifericoTemporizado
 .rodata._ZL16IOCON_INDEX_PIO0
                0x0000344c       0x20 ./src/1-modulos/02-gpio/Gpio.o
 .rodata._ZL16IOCON_INDEX_PIO1
                0x0000346c       0x1f ./src/1-modulos/02-gpio/Gpio.o
 *fill*         0x0000348b        0x1 ff
 .rodata._ZTV4Gpio
                0x0000348c       0x4c ./src/1-modulos/02-gpio/Gpio.o
                0x0000348c                vtable for Gpio
                0x000034d8                        . = ALIGN (0x4)
                0x000034d8                        . = ALIGN (0x4)
 *(.init)
 .init          0x000034d8        0x4 e:/utn/info2/mcuxpressoide_11.9.1_2170/ide/plugins/com.nxp.mcuxpresso.tools.win32_11.9.1.202402080819/tools/bin/../lib/gcc/arm-none-eabi/12.3.1/thumb/v6-m/nofp\crti.o
                0x000034d8                _init
 .init          0x000034dc        0x8 e:/utn/info2/mcuxpressoide_11.9.1_2170/ide/plugins/com.nxp.mcuxpresso.tools.win32_11.9.1.202402080819/tools/bin/../lib/gcc/arm-none-eabi/12.3.1/thumb/v6-m/nofp\crtn.o
                0x000034e4                        . = ALIGN (0x4)
                0x000034e4                        __preinit_array_start = .
 *(.preinit_array)
                0x000034e4                        __preinit_array_end = .
                0x000034e4                        . = ALIGN (0x4)
                0x000034e4                        __init_array_start = .
 *(SORT_BY_NAME(.init_array.*))
 *(.init_array)
 .init_array    0x000034e4        0x4 ./src/2-aplicacion/inicializarInfotronic.o
 .init_array    0x000034e8        0x4 e:/utn/info2/mcuxpressoide_11.9.1_2170/ide/plugins/com.nxp.mcuxpresso.tools.win32_11.9.1.202402080819/tools/bin/../lib/gcc/arm-none-eabi/12.3.1/thumb/v6-m/nofp\crtbegin.o
                0x000034ec                        __init_array_end = .
 *(.fini)
 .fini          0x000034ec        0x4 e:/utn/info2/mcuxpressoide_11.9.1_2170/ide/plugins/com.nxp.mcuxpresso.tools.win32_11.9.1.202402080819/tools/bin/../lib/gcc/arm-none-eabi/12.3.1/thumb/v6-m/nofp\crti.o
                0x000034ec                _fini
 .fini          0x000034f0        0x8 e:/utn/info2/mcuxpressoide_11.9.1_2170/ide/plugins/com.nxp.mcuxpresso.tools.win32_11.9.1.202402080819/tools/bin/../lib/gcc/arm-none-eabi/12.3.1/thumb/v6-m/nofp\crtn.o
                0x000034f8                        . = ALIGN (0x4)
 *crtbegin.o(.ctors)
 *(EXCLUDE_FILE(*crtend.o) .ctors)
 *(SORT_BY_NAME(.ctors.*))
 *crtend.o(.ctors)
                0x000034f8                        . = ALIGN (0x4)
 *crtbegin.o(.dtors)
 *(EXCLUDE_FILE(*crtend.o) .dtors)
 *(SORT_BY_NAME(.dtors.*))
 *crtend.o(.dtors)
                0x000034f8                        . = ALIGN (0x4)

.glue_7         0x000034f8        0x0
 .glue_7        0x000034f8        0x0 linker stubs

.glue_7t        0x000034f8        0x0
 .glue_7t       0x000034f8        0x0 linker stubs

.vfp11_veneer   0x000034f8        0x0
 .vfp11_veneer  0x000034f8        0x0 linker stubs

.v4_bx          0x000034f8        0x0
 .v4_bx         0x000034f8        0x0 linker stubs

.iplt           0x000034f8        0x0
 .iplt          0x000034f8        0x0 ./src/3-firmware/systick/systick.o

.ARM.extab
 *(.ARM.extab* .gnu.linkonce.armextab.*)

.ARM.exidx      0x000034f8        0x8
                0x000034f8                        __exidx_start = .
 *(.ARM.exidx* .gnu.linkonce.armexidx.*)
 .ARM.exidx.text._ZdlPvj
                0x000034f8        0x8 e:/utn/info2/mcuxpressoide_11.9.1_2170/ide/plugins/com.nxp.mcuxpresso.tools.win32_11.9.1.202402080819/tools/bin/../lib/gcc/arm-none-eabi/12.3.1/thumb/v6-m/nofp\libstdc++.a(del_ops.o)
                0x00003500                        __exidx_end = .
                0x00003500                        _etext = .

.rel.dyn        0x00003500        0x0
 .rel.iplt      0x00003500        0x0 ./src/3-firmware/systick/systick.o

.eh_frame       0x00003500        0x0
 .eh_frame      0x00003500        0x0 e:/utn/info2/mcuxpressoide_11.9.1_2170/ide/plugins/com.nxp.mcuxpresso.tools.win32_11.9.1.202402080819/tools/bin/../lib/gcc/arm-none-eabi/12.3.1/thumb/v6-m/nofp\crtbegin.o

.mtb_buffer_default
                0x10000000      0x100
 *(.mtb*)
 .mtb.$RAM1     0x10000000      0x100 ./src/3-firmware/mtb.o
                0x10000000                __mtb_buffer__

.uninit_RESERVED
                0x10000100        0x0
                0x10000100                        _start_uninit_RESERVED = .
 *(.bss.$RESERVED*)
                0x10000100                        . = ALIGN (0x4)
                0x10000100                        _end_uninit_RESERVED = .

.data           0x10000100      0x5ac load address 0x00003500
 FILL mask 0xff
                0x10000100                        _data = .
                [!provide]                        PROVIDE (__start_data_RAM = .)
                [!provide]                        PROVIDE (__start_data_RamLoc16 = .)
 *(vtable)
 *(.ramfunc*)
 *(CodeQuickAccess)
 *(DataQuickAccess)
 *(RamFunction)
 *(.data*)
 .data.g_I4511_segmentos
                0x10000100       0x14 ./src/2-aplicacion/inicializarInfotronic.o
                0x10000100                g_I4511_segmentos
 .data.g_I4017_digitos
                0x10000114        0x8 ./src/2-aplicacion/inicializarInfotronic.o
                0x10000114                g_I4017_digitos
 .data.Grupos   0x1000011c        0xc ./src/2-aplicacion/inicializarInfotronic.o
                0x1000011c                Grupos
 .data.g_scn    0x10000128        0xc ./src/2-aplicacion/inicializarInfotronic.o
                0x10000128                g_scn
 .data.g_ret    0x10000134       0x10 ./src/2-aplicacion/inicializarInfotronic.o
                0x10000134                g_ret
 .data.BusLcd   0x10000144       0x18 ./src/2-aplicacion/inicializarInfotronic.o
                0x10000144                BusLcd
 .data.USARTS   0x1000015c       0x14 ./src/1-modulos/12-USART/Uart.o
                0x1000015c                USARTS
 .data.__malloc_sbrk_base
                0x10000170        0x4 e:/utn/info2/mcuxpressoide_11.9.1_2170/ide/plugins/com.nxp.mcuxpresso.tools.win32_11.9.1.202402080819/tools/bin/../lib/gcc/arm-none-eabi/12.3.1/thumb/v6-m/nofp\libc.a(libc_a-mallocr.o)
                0x10000170                __malloc_sbrk_base
 .data.__malloc_trim_threshold
                0x10000174        0x4 e:/utn/info2/mcuxpressoide_11.9.1_2170/ide/plugins/com.nxp.mcuxpresso.tools.win32_11.9.1.202402080819/tools/bin/../lib/gcc/arm-none-eabi/12.3.1/thumb/v6-m/nofp\libc.a(libc_a-mallocr.o)
                0x10000174                __malloc_trim_threshold
 .data.__malloc_av_
                0x10000178      0x408 e:/utn/info2/mcuxpressoide_11.9.1_2170/ide/plugins/com.nxp.mcuxpresso.tools.win32_11.9.1.202402080819/tools/bin/../lib/gcc/arm-none-eabi/12.3.1/thumb/v6-m/nofp\libc.a(libc_a-mallocr.o)
                0x10000178                __malloc_av_
 .data._impure_ptr
                0x10000580        0x4 e:/utn/info2/mcuxpressoide_11.9.1_2170/ide/plugins/com.nxp.mcuxpresso.tools.win32_11.9.1.202402080819/tools/bin/../lib/gcc/arm-none-eabi/12.3.1/thumb/v6-m/nofp\libc.a(libc_a-impure.o)
                0x10000580                _impure_ptr
 *fill*         0x10000584        0x4 ff
 .data._impure_data
                0x10000588      0x120 e:/utn/info2/mcuxpressoide_11.9.1_2170/ide/plugins/com.nxp.mcuxpresso.tools.win32_11.9.1.202402080819/tools/bin/../lib/gcc/arm-none-eabi/12.3.1/thumb/v6-m/nofp\libc.a(libc_a-impure.o)
                0x10000588                _impure_data
 .data.__dso_handle
                0x100006a8        0x4 e:/utn/info2/mcuxpressoide_11.9.1_2170/ide/plugins/com.nxp.mcuxpresso.tools.win32_11.9.1.202402080819/tools/bin/../lib/gcc/arm-none-eabi/12.3.1/thumb/v6-m/nofp\crtbegin.o
                0x100006a8                __dso_handle
                0x100006ac                        . = ALIGN (0x4)
                0x100006ac                        _edata = .
                [!provide]                        PROVIDE (__end_data_RAM = .)
                [!provide]                        PROVIDE (__end_data_RamLoc16 = .)

.igot.plt       0x100006ac        0x0 load address 0x00003aac
 .igot.plt      0x100006ac        0x0 ./src/3-firmware/systick/systick.o

.tm_clone_table
                0x100006ac        0x0 load address 0x00003aac
 .tm_clone_table
                0x100006ac        0x0 e:/utn/info2/mcuxpressoide_11.9.1_2170/ide/plugins/com.nxp.mcuxpresso.tools.win32_11.9.1.202402080819/tools/bin/../lib/gcc/arm-none-eabi/12.3.1/thumb/v6-m/nofp\crtbegin.o
 .tm_clone_table
                0x100006ac        0x0 e:/utn/info2/mcuxpressoide_11.9.1_2170/ide/plugins/com.nxp.mcuxpresso.tools.win32_11.9.1.202402080819/tools/bin/../lib/gcc/arm-none-eabi/12.3.1/thumb/v6-m/nofp\crtend.o

.bss            0x100006ac      0x608
                0x100006ac                        _bss = .
                [!provide]                        PROVIDE (__start_bss_RAM = .)
                [!provide]                        PROVIDE (__start_bss_RamLoc16 = .)
 *(.bss*)
 .bss.sysTickCallback
                0x100006ac        0x4 ./src/3-firmware/systick/systick.o
                0x100006ac                sysTickCallback
 .bss.pDivRom_idiv
                0x100006b0        0x4 ./src/3-firmware/cr_startup_lpc84x.o
                0x100006b0                pDivRom_idiv
 .bss.pDivRom_uidiv
                0x100006b4        0x4 ./src/3-firmware/cr_startup_lpc84x.o
                0x100006b4                pDivRom_uidiv
 .bss.g_bcdA    0x100006b8       0x10 ./src/2-aplicacion/inicializarInfotronic.o
                0x100006b8                g_bcdA
 .bss.g_bcdB    0x100006c8       0x10 ./src/2-aplicacion/inicializarInfotronic.o
                0x100006c8                g_bcdB
 .bss.g_bcdC    0x100006d8       0x10 ./src/2-aplicacion/inicializarInfotronic.o
                0x100006d8                g_bcdC
 .bss.g_bcdD    0x100006e8       0x10 ./src/2-aplicacion/inicializarInfotronic.o
                0x100006e8                g_bcdD
 .bss.g_dp      0x100006f8       0x10 ./src/2-aplicacion/inicializarInfotronic.o
                0x100006f8                g_dp
 .bss.g_I4511Segmentos
                0x10000708        0x8 ./src/2-aplicacion/inicializarInfotronic.o
                0x10000708                g_I4511Segmentos
 .bss.g_rst     0x10000710       0x10 ./src/2-aplicacion/inicializarInfotronic.o
                0x10000710                g_rst
 .bss.g_clk     0x10000720       0x10 ./src/2-aplicacion/inicializarInfotronic.o
                0x10000720                g_clk
 .bss.g_I4017Barrido
                0x10000730       0x10 ./src/2-aplicacion/inicializarInfotronic.o
                0x10000730                g_I4017Barrido
 .bss.g_Display
                0x10000740       0x24 ./src/2-aplicacion/inicializarInfotronic.o
                0x10000740                g_Display
 .bss.g_ret0    0x10000764       0x10 ./src/2-aplicacion/inicializarInfotronic.o
                0x10000764                g_ret0
 .bss.g_ret1    0x10000774       0x10 ./src/2-aplicacion/inicializarInfotronic.o
                0x10000774                g_ret1
 .bss.g_ret2    0x10000784       0x10 ./src/2-aplicacion/inicializarInfotronic.o
                0x10000784                g_ret2
 .bss.g_scn0    0x10000794       0x10 ./src/2-aplicacion/inicializarInfotronic.o
                0x10000794                g_scn0
 .bss.g_scn1    0x100007a4       0x10 ./src/2-aplicacion/inicializarInfotronic.o
                0x100007a4                g_scn1
 .bss.g_Teclado
                0x100007b4       0x18 ./src/2-aplicacion/inicializarInfotronic.o
                0x100007b4                g_Teclado
 .bss.g_in0     0x100007cc       0x10 ./src/2-aplicacion/inicializarInfotronic.o
                0x100007cc                g_in0
 .bss.g_in1     0x100007dc       0x10 ./src/2-aplicacion/inicializarInfotronic.o
                0x100007dc                g_in1
 .bss.g_out0    0x100007ec       0x10 ./src/2-aplicacion/inicializarInfotronic.o
                0x100007ec                g_out0
 .bss.g_out1    0x100007fc       0x10 ./src/2-aplicacion/inicializarInfotronic.o
                0x100007fc                g_out1
 .bss.g_out2    0x1000080c       0x10 ./src/2-aplicacion/inicializarInfotronic.o
                0x1000080c                g_out2
 .bss.g_d4      0x1000081c       0x10 ./src/2-aplicacion/inicializarInfotronic.o
                0x1000081c                g_d4
 .bss.g_d5      0x1000082c       0x10 ./src/2-aplicacion/inicializarInfotronic.o
                0x1000082c                g_d5
 .bss.g_d6      0x1000083c       0x10 ./src/2-aplicacion/inicializarInfotronic.o
                0x1000083c                g_d6
 .bss.g_d7      0x1000084c       0x10 ./src/2-aplicacion/inicializarInfotronic.o
                0x1000084c                g_d7
 .bss.g_rs      0x1000085c       0x10 ./src/2-aplicacion/inicializarInfotronic.o
                0x1000085c                g_rs
 .bss.g_en      0x1000086c       0x10 ./src/2-aplicacion/inicializarInfotronic.o
                0x1000086c                g_en
 .bss.LCD       0x1000087c      0x16c ./src/2-aplicacion/inicializarInfotronic.o
                0x1000087c                LCD
 .bss.uart0     0x100009e8       0x2c ./src/2-aplicacion/inicializarInfotronic.o
                0x100009e8                uart0
 .bss.uart1     0x10000a14       0x2c ./src/2-aplicacion/inicializarInfotronic.o
                0x10000a14                uart1
 .bss.g_usart   0x10000a40       0x14 ./src/1-modulos/12-USART/Uart.o
                0x10000a40                g_usart
 .bss._ZZN4Uart7MessageEPvjE4cont
                0x10000a54        0x1 ./src/1-modulos/12-USART/Uart.o
 *fill*         0x10000a55        0x3 
 .bss.g_perifericosTemporizados
                0x10000a58       0xc8 ./src/1-modulos/06-PerifericosTemporizados/perifericotemporizado.o
                0x10000a58                g_perifericosTemporizados
 .bss._ZN21PerifericoTemporizado30m_countPerifericosTemporizadosE
                0x10000b20        0x1 ./src/1-modulos/06-PerifericosTemporizados/perifericotemporizado.o
                0x10000b20                PerifericoTemporizado::m_countPerifericosTemporizados
 *fill*         0x10000b21        0x3 
 .bss.__malloc_current_mallinfo
                0x10000b24       0x28 e:/utn/info2/mcuxpressoide_11.9.1_2170/ide/plugins/com.nxp.mcuxpresso.tools.win32_11.9.1.202402080819/tools/bin/../lib/gcc/arm-none-eabi/12.3.1/thumb/v6-m/nofp\libc.a(libc_a-mallocr.o)
                0x10000b24                __malloc_current_mallinfo
 .bss.__malloc_max_total_mem
                0x10000b4c        0x4 e:/utn/info2/mcuxpressoide_11.9.1_2170/ide/plugins/com.nxp.mcuxpresso.tools.win32_11.9.1.202402080819/tools/bin/../lib/gcc/arm-none-eabi/12.3.1/thumb/v6-m/nofp\libc.a(libc_a-mallocr.o)
                0x10000b4c                __malloc_max_total_mem
 .bss.__malloc_max_sbrked_mem
                0x10000b50        0x4 e:/utn/info2/mcuxpressoide_11.9.1_2170/ide/plugins/com.nxp.mcuxpresso.tools.win32_11.9.1.202402080819/tools/bin/../lib/gcc/arm-none-eabi/12.3.1/thumb/v6-m/nofp\libc.a(libc_a-mallocr.o)
                0x10000b50                __malloc_max_sbrked_mem
 .bss.__malloc_top_pad
                0x10000b54        0x4 e:/utn/info2/mcuxpressoide_11.9.1_2170/ide/plugins/com.nxp.mcuxpresso.tools.win32_11.9.1.202402080819/tools/bin/../lib/gcc/arm-none-eabi/12.3.1/thumb/v6-m/nofp\libc.a(libc_a-mallocr.o)
                0x10000b54                __malloc_top_pad
 .bss.__lock___malloc_recursive_mutex
                0x10000b58        0x1 e:/utn/info2/mcuxpressoide_11.9.1_2170/ide/plugins/com.nxp.mcuxpresso.tools.win32_11.9.1.202402080819/tools/bin/../lib/gcc/arm-none-eabi/12.3.1/thumb/v6-m/nofp\libc.a(libc_a-lock.o)
                0x10000b58                __lock___malloc_recursive_mutex
 *fill*         0x10000b59        0x3 
 .bss.__sf      0x10000b5c      0x138 e:/utn/info2/mcuxpressoide_11.9.1_2170/ide/plugins/com.nxp.mcuxpresso.tools.win32_11.9.1.202402080819/tools/bin/../lib/gcc/arm-none-eabi/12.3.1/thumb/v6-m/nofp\libc.a(libc_a-findfp.o)
                0x10000b5c                __sf
 .bss.errno     0x10000c94        0x4 e:/utn/info2/mcuxpressoide_11.9.1_2170/ide/plugins/com.nxp.mcuxpresso.tools.win32_11.9.1.202402080819/tools/bin/../lib/gcc/arm-none-eabi/12.3.1/thumb/v6-m/nofp\libc.a(libc_a-reent.o)
                0x10000c94                errno
 .bss.__end_of_heap
                0x10000c98        0x4 e:/utn/info2/mcuxpressoide_11.9.1_2170/ide/plugins/com.nxp.mcuxpresso.tools.win32_11.9.1.202402080819/tools/bin/../lib/gcc/arm-none-eabi/12.3.1/../../../../arm-none-eabi/lib/thumb/v6-m/nofp\libcr_newlib_nohost.a(_cr_sbrk.o)
                0x10000c98                __end_of_heap
 .bss.object.0  0x10000c9c       0x18 e:/utn/info2/mcuxpressoide_11.9.1_2170/ide/plugins/com.nxp.mcuxpresso.tools.win32_11.9.1.202402080819/tools/bin/../lib/gcc/arm-none-eabi/12.3.1/thumb/v6-m/nofp\crtbegin.o
 *(COMMON)
                0x10000cb4                        . = ALIGN (0x4)
                0x10000cb4                        _ebss = .
                [!provide]                        PROVIDE (__end_bss_RAM = .)
                [!provide]                        PROVIDE (__end_bss_RamLoc16 = .)
                [!provide]                        PROVIDE (end = .)

.noinit         0x10000cb4        0x0
                0x10000cb4                        _noinit = .
                [!provide]                        PROVIDE (__start_noinit_RAM = .)
                [!provide]                        PROVIDE (__start_noinit_RamLoc16 = .)
 *(.noinit*)
                0x10000cb4                        . = ALIGN (0x4)
                0x10000cb4                        _end_noinit = .
                [!provide]                        PROVIDE (__end_noinit_RAM = .)
                [!provide]                        PROVIDE (__end_noinit_RamLoc16 = .)
                0x10000cb4                        PROVIDE (_pvHeapStart = DEFINED (__user_heap_base)?__user_heap_base:.)
                0x10004000                        PROVIDE (_vStackTop = DEFINED (__user_stack_top)?__user_stack_top:(__top_RamLoc16 - 0x0))
                0xefffbab9                        PROVIDE (__valid_user_code_checksum = (0x0 - (((_vStackTop + (ResetISR + 0x1)) + (DEFINED (NMI_Handler)?NMI_Handler:M0_NMI_Handler + 0x1)) + (DEFINED (HardFault_Handler)?HardFault_Handler:M0_HardFault_Handler + 0x1))))
                0x00000000                        _image_start = LOADADDR (.text)
                0x00003aac                        _image_end = (LOADADDR (.data) + SIZEOF (.data))
                0x00003aac                        _image_size = (_image_end - _image_start)
OUTPUT(UART.axf elf32-littlearm)
LOAD linker stubs

.debug_info     0x00000000     0x6d35
 .debug_info    0x00000000      0x183 ./src/3-firmware/systick/systick.o
 .debug_info    0x00000183       0x22 ./src/3-firmware/aeabi_romdiv_patch.o
 .debug_info    0x000001a5      0x9f3 ./src/3-firmware/cr_cpp_config.o
 .debug_info    0x00000b98      0x290 ./src/3-firmware/cr_startup_lpc84x.o
 .debug_info    0x00000e28       0x40 ./src/3-firmware/crp.o
 .debug_info    0x00000e68      0x540 ./src/3-firmware/dr_pll.o
 .debug_info    0x000013a8       0x54 ./src/3-firmware/mtb.o
 .debug_info    0x000013fc       0xed ./src/3-firmware/swm.o
 .debug_info    0x000014e9       0xd5 ./src/2-aplicacion/aplicacion.o
 .debug_info    0x000015be     0x1217 ./src/2-aplicacion/inicializarInfotronic.o
 .debug_info    0x000027d5      0x26c ./src/2-aplicacion/main.o
 .debug_info    0x00002a41      0x32d ./src/1-modulos/12-USART/ComunicacionAsincronica.o
 .debug_info    0x00002d6e      0xf66 ./src/1-modulos/12-USART/Uart.o
 .debug_info    0x00003cd4      0x59f ./src/1-modulos/10-lcd/Lcd.o
 .debug_info    0x00004273      0x4f5 ./src/1-modulos/09-teclado/Teclado.o
 .debug_info    0x00004768      0x6ec ./src/1-modulos/08-display_de_segmentos/09C-display/display7Segmentos.o
 .debug_info    0x00004e54      0x395 ./src/1-modulos/08-display_de_segmentos/09B-segmentos/I4511Segmentos.o
 .debug_info    0x000051e9      0x405 ./src/1-modulos/08-display_de_segmentos/09A-barrido/I4017Barrido.o
 .debug_info    0x000055ee      0x2bc ./src/1-modulos/06-PerifericosTemporizados/perifericotemporizado.o
 .debug_info    0x000058aa     0x12dc ./src/1-modulos/02-gpio/Gpio.o
 .debug_info    0x00006b86      0x13e e:/utn/info2/mcuxpressoide_11.9.1_2170/ide/plugins/com.nxp.mcuxpresso.tools.win32_11.9.1.202402080819/tools/bin/../lib/gcc/arm-none-eabi/12.3.1/../../../../arm-none-eabi/lib/thumb/v6-m/nofp\libcr_newlib_nohost.a(_cr_sbrk.o)
 .debug_info    0x00006cc4       0x71 e:/utn/info2/mcuxpressoide_11.9.1_2170/ide/plugins/com.nxp.mcuxpresso.tools.win32_11.9.1.202402080819/tools/bin/../lib/gcc/arm-none-eabi/12.3.1/../../../../arm-none-eabi/lib/thumb/v6-m/nofp\libcr_newlib_nohost.a(_cr_check_heap.o)

.debug_abbrev   0x00000000     0x2853
 .debug_abbrev  0x00000000      0x139 ./src/3-firmware/systick/systick.o
 .debug_abbrev  0x00000139       0x12 ./src/3-firmware/aeabi_romdiv_patch.o
 .debug_abbrev  0x0000014b      0x268 ./src/3-firmware/cr_cpp_config.o
 .debug_abbrev  0x000003b3      0x15e ./src/3-firmware/cr_startup_lpc84x.o
 .debug_abbrev  0x00000511       0x38 ./src/3-firmware/crp.o
 .debug_abbrev  0x00000549       0xec ./src/3-firmware/dr_pll.o
 .debug_abbrev  0x00000635       0x46 ./src/3-firmware/mtb.o
 .debug_abbrev  0x0000067b       0xa7 ./src/3-firmware/swm.o
 .debug_abbrev  0x00000722       0xbb ./src/2-aplicacion/aplicacion.o
 .debug_abbrev  0x000007dd      0x3fd ./src/2-aplicacion/inicializarInfotronic.o
 .debug_abbrev  0x00000bda      0x1bd ./src/2-aplicacion/main.o
 .debug_abbrev  0x00000d97      0x1c7 ./src/1-modulos/12-USART/ComunicacionAsincronica.o
 .debug_abbrev  0x00000f5e      0x45e ./src/1-modulos/12-USART/Uart.o
 .debug_abbrev  0x000013bc      0x32f ./src/1-modulos/10-lcd/Lcd.o
 .debug_abbrev  0x000016eb      0x2f7 ./src/1-modulos/09-teclado/Teclado.o
 .debug_abbrev  0x000019e2      0x322 ./src/1-modulos/08-display_de_segmentos/09C-display/display7Segmentos.o
 .debug_abbrev  0x00001d04      0x1f4 ./src/1-modulos/08-display_de_segmentos/09B-segmentos/I4511Segmentos.o
 .debug_abbrev  0x00001ef8      0x218 ./src/1-modulos/08-display_de_segmentos/09A-barrido/I4017Barrido.o
 .debug_abbrev  0x00002110      0x259 ./src/1-modulos/06-PerifericosTemporizados/perifericotemporizado.o
 .debug_abbrev  0x00002369      0x375 ./src/1-modulos/02-gpio/Gpio.o
 .debug_abbrev  0x000026de      0x10a e:/utn/info2/mcuxpressoide_11.9.1_2170/ide/plugins/com.nxp.mcuxpresso.tools.win32_11.9.1.202402080819/tools/bin/../lib/gcc/arm-none-eabi/12.3.1/../../../../arm-none-eabi/lib/thumb/v6-m/nofp\libcr_newlib_nohost.a(_cr_sbrk.o)
 .debug_abbrev  0x000027e8       0x6b e:/utn/info2/mcuxpressoide_11.9.1_2170/ide/plugins/com.nxp.mcuxpresso.tools.win32_11.9.1.202402080819/tools/bin/../lib/gcc/arm-none-eabi/12.3.1/../../../../arm-none-eabi/lib/thumb/v6-m/nofp\libcr_newlib_nohost.a(_cr_check_heap.o)

.debug_aranges  0x00000000      0x610
 .debug_aranges
                0x00000000       0x30 ./src/3-firmware/systick/systick.o
 .debug_aranges
                0x00000030       0x28 ./src/3-firmware/aeabi_romdiv_patch.o
 .debug_aranges
                0x00000058       0x48 ./src/3-firmware/cr_cpp_config.o
 .debug_aranges
                0x000000a0       0x60 ./src/3-firmware/cr_startup_lpc84x.o
 .debug_aranges
                0x00000100       0x18 ./src/3-firmware/crp.o
 .debug_aranges
                0x00000118       0x28 ./src/3-firmware/dr_pll.o
 .debug_aranges
                0x00000140       0x18 ./src/3-firmware/mtb.o
 .debug_aranges
                0x00000158       0x28 ./src/3-firmware/swm.o
 .debug_aranges
                0x00000180       0x20 ./src/2-aplicacion/aplicacion.o
 .debug_aranges
                0x000001a0       0x90 ./src/2-aplicacion/inicializarInfotronic.o
 .debug_aranges
                0x00000230       0x20 ./src/2-aplicacion/main.o
 .debug_aranges
                0x00000250       0x30 ./src/1-modulos/12-USART/ComunicacionAsincronica.o
 .debug_aranges
                0x00000280       0xa8 ./src/1-modulos/12-USART/Uart.o
 .debug_aranges
                0x00000328       0x50 ./src/1-modulos/10-lcd/Lcd.o
 .debug_aranges
                0x00000378       0x50 ./src/1-modulos/09-teclado/Teclado.o
 .debug_aranges
                0x000003c8       0x40 ./src/1-modulos/08-display_de_segmentos/09C-display/display7Segmentos.o
 .debug_aranges
                0x00000408       0x48 ./src/1-modulos/08-display_de_segmentos/09B-segmentos/I4511Segmentos.o
 .debug_aranges
                0x00000450       0x58 ./src/1-modulos/08-display_de_segmentos/09A-barrido/I4017Barrido.o
 .debug_aranges
                0x000004a8       0x38 ./src/1-modulos/06-PerifericosTemporizados/perifericotemporizado.o
 .debug_aranges
                0x000004e0       0xf0 ./src/1-modulos/02-gpio/Gpio.o
 .debug_aranges
                0x000005d0       0x20 e:/utn/info2/mcuxpressoide_11.9.1_2170/ide/plugins/com.nxp.mcuxpresso.tools.win32_11.9.1.202402080819/tools/bin/../lib/gcc/arm-none-eabi/12.3.1/../../../../arm-none-eabi/lib/thumb/v6-m/nofp\libcr_newlib_nohost.a(_cr_sbrk.o)
 .debug_aranges
                0x000005f0       0x20 e:/utn/info2/mcuxpressoide_11.9.1_2170/ide/plugins/com.nxp.mcuxpresso.tools.win32_11.9.1.202402080819/tools/bin/../lib/gcc/arm-none-eabi/12.3.1/../../../../arm-none-eabi/lib/thumb/v6-m/nofp\libcr_newlib_nohost.a(_cr_check_heap.o)

.debug_ranges   0x00000000      0x4a8
 .debug_ranges  0x00000000       0x20 ./src/3-firmware/systick/systick.o
 .debug_ranges  0x00000020       0x20 ./src/3-firmware/aeabi_romdiv_patch.o
 .debug_ranges  0x00000040       0x38 ./src/3-firmware/cr_cpp_config.o
 .debug_ranges  0x00000078       0x50 ./src/3-firmware/cr_startup_lpc84x.o
 .debug_ranges  0x000000c8       0x18 ./src/3-firmware/dr_pll.o
 .debug_ranges  0x000000e0       0x18 ./src/3-firmware/swm.o
 .debug_ranges  0x000000f8       0x10 ./src/2-aplicacion/aplicacion.o
 .debug_ranges  0x00000108       0x80 ./src/2-aplicacion/inicializarInfotronic.o
 .debug_ranges  0x00000188       0x10 ./src/2-aplicacion/main.o
 .debug_ranges  0x00000198       0x20 ./src/1-modulos/12-USART/ComunicacionAsincronica.o
 .debug_ranges  0x000001b8       0x98 ./src/1-modulos/12-USART/Uart.o
 .debug_ranges  0x00000250       0x40 ./src/1-modulos/10-lcd/Lcd.o
 .debug_ranges  0x00000290       0x40 ./src/1-modulos/09-teclado/Teclado.o
 .debug_ranges  0x000002d0       0x30 ./src/1-modulos/08-display_de_segmentos/09C-display/display7Segmentos.o
 .debug_ranges  0x00000300       0x38 ./src/1-modulos/08-display_de_segmentos/09B-segmentos/I4511Segmentos.o
 .debug_ranges  0x00000338       0x48 ./src/1-modulos/08-display_de_segmentos/09A-barrido/I4017Barrido.o
 .debug_ranges  0x00000380       0x28 ./src/1-modulos/06-PerifericosTemporizados/perifericotemporizado.o
 .debug_ranges  0x000003a8       0xe0 ./src/1-modulos/02-gpio/Gpio.o
 .debug_ranges  0x00000488       0x10 e:/utn/info2/mcuxpressoide_11.9.1_2170/ide/plugins/com.nxp.mcuxpresso.tools.win32_11.9.1.202402080819/tools/bin/../lib/gcc/arm-none-eabi/12.3.1/../../../../arm-none-eabi/lib/thumb/v6-m/nofp\libcr_newlib_nohost.a(_cr_sbrk.o)
 .debug_ranges  0x00000498       0x10 e:/utn/info2/mcuxpressoide_11.9.1_2170/ide/plugins/com.nxp.mcuxpresso.tools.win32_11.9.1.202402080819/tools/bin/../lib/gcc/arm-none-eabi/12.3.1/../../../../arm-none-eabi/lib/thumb/v6-m/nofp\libcr_newlib_nohost.a(_cr_check_heap.o)

.debug_macro    0x00000000     0x4b61
 .debug_macro   0x00000000       0x39 ./src/3-firmware/systick/systick.o
 .debug_macro   0x00000039      0xbf2 ./src/3-firmware/systick/systick.o
 .debug_macro   0x00000c2b       0x1c ./src/3-firmware/systick/systick.o
 .debug_macro   0x00000c47     0x1192 ./src/3-firmware/systick/systick.o
 .debug_macro   0x00001dd9      0x14d ./src/3-firmware/cr_cpp_config.o
 .debug_macro   0x00001f26      0x1d6 ./src/3-firmware/cr_cpp_config.o
 .debug_macro   0x000020fc       0x10 ./src/3-firmware/cr_cpp_config.o
 .debug_macro   0x0000210c       0xc1 ./src/3-firmware/cr_cpp_config.o
 .debug_macro   0x000021cd      0x103 ./src/3-firmware/cr_cpp_config.o
 .debug_macro   0x000022d0      0x337 ./src/3-firmware/cr_cpp_config.o
 .debug_macro   0x00002607       0x10 ./src/3-firmware/cr_cpp_config.o
 .debug_macro   0x00002617       0x24 ./src/3-firmware/cr_cpp_config.o
 .debug_macro   0x0000263b       0x22 ./src/3-firmware/cr_cpp_config.o
 .debug_macro   0x0000265d       0x75 ./src/3-firmware/cr_cpp_config.o
 .debug_macro   0x000026d2       0x94 ./src/3-firmware/cr_cpp_config.o
 .debug_macro   0x00002766       0x3c ./src/3-firmware/cr_cpp_config.o
 .debug_macro   0x000027a2       0x34 ./src/3-firmware/cr_cpp_config.o
 .debug_macro   0x000027d6       0x16 ./src/3-firmware/cr_cpp_config.o
 .debug_macro   0x000027ec      0x11c ./src/3-firmware/cr_cpp_config.o
 .debug_macro   0x00002908       0x9b ./src/3-firmware/cr_cpp_config.o
 .debug_macro   0x000029a3       0x16 ./src/3-firmware/cr_cpp_config.o
 .debug_macro   0x000029b9       0x43 ./src/3-firmware/cr_cpp_config.o
 .debug_macro   0x000029fc       0x57 ./src/3-firmware/cr_cpp_config.o
 .debug_macro   0x00002a53       0x34 ./src/3-firmware/cr_cpp_config.o
 .debug_macro   0x00002a87       0x10 ./src/3-firmware/cr_cpp_config.o
 .debug_macro   0x00002a97       0x58 ./src/3-firmware/cr_cpp_config.o
 .debug_macro   0x00002aef      0x1de ./src/3-firmware/cr_cpp_config.o
 .debug_macro   0x00002ccd      0x38c ./src/3-firmware/cr_cpp_config.o
 .debug_macro   0x00003059       0x16 ./src/3-firmware/cr_cpp_config.o
 .debug_macro   0x0000306f       0x29 ./src/3-firmware/cr_cpp_config.o
 .debug_macro   0x00003098       0x1c ./src/3-firmware/cr_cpp_config.o
 .debug_macro   0x000030b4       0xde ./src/3-firmware/cr_cpp_config.o
 .debug_macro   0x00003192       0x23 ./src/3-firmware/cr_startup_lpc84x.o
 .debug_macro   0x000031b5       0x1a ./src/3-firmware/crp.o
 .debug_macro   0x000031cf      0xaa8 ./src/3-firmware/crp.o
 .debug_macro   0x00003c77       0x34 ./src/3-firmware/crp.o
 .debug_macro   0x00003cab       0x32 ./src/3-firmware/dr_pll.o
 .debug_macro   0x00003cdd      0x13a ./src/3-firmware/dr_pll.o
 .debug_macro   0x00003e17       0x29 ./src/3-firmware/mtb.o
 .debug_macro   0x00003e40       0x82 ./src/3-firmware/mtb.o
 .debug_macro   0x00003ec2       0x10 ./src/3-firmware/mtb.o
 .debug_macro   0x00003ed2       0x29 ./src/3-firmware/swm.o
 .debug_macro   0x00003efb      0x273 ./src/3-firmware/swm.o
 .debug_macro   0x0000416e      0x126 ./src/2-aplicacion/aplicacion.o
 .debug_macro   0x00004294       0x10 ./src/2-aplicacion/aplicacion.o
 .debug_macro   0x000042a4       0x64 ./src/2-aplicacion/aplicacion.o
 .debug_macro   0x00004308      0x126 ./src/2-aplicacion/inicializarInfotronic.o
 .debug_macro   0x0000442e      0x126 ./src/2-aplicacion/main.o
 .debug_macro   0x00004554       0x24 ./src/1-modulos/12-USART/ComunicacionAsincronica.o
 .debug_macro   0x00004578       0x4a ./src/1-modulos/12-USART/Uart.o
 .debug_macro   0x000045c2      0x279 ./src/1-modulos/12-USART/Uart.o
 .debug_macro   0x0000483b       0x6e ./src/1-modulos/10-lcd/Lcd.o
 .debug_macro   0x000048a9       0x5e ./src/1-modulos/10-lcd/Lcd.o
 .debug_macro   0x00004907       0x6f ./src/1-modulos/09-teclado/Teclado.o
 .debug_macro   0x00004976       0x9b ./src/1-modulos/08-display_de_segmentos/09C-display/display7Segmentos.o
 .debug_macro   0x00004a11       0x5f ./src/1-modulos/08-display_de_segmentos/09B-segmentos/I4511Segmentos.o
 .debug_macro   0x00004a70       0x5f ./src/1-modulos/08-display_de_segmentos/09A-barrido/I4017Barrido.o
 .debug_macro   0x00004acf       0x47 ./src/1-modulos/06-PerifericosTemporizados/perifericotemporizado.o
 .debug_macro   0x00004b16       0x4b ./src/1-modulos/02-gpio/Gpio.o

.debug_line     0x00000000     0x60cd
 .debug_line    0x00000000      0x13c ./src/3-firmware/systick/systick.o
 .debug_line    0x0000013c       0x71 ./src/3-firmware/aeabi_romdiv_patch.o
 .debug_line    0x000001ad      0x687 ./src/3-firmware/cr_cpp_config.o
 .debug_line    0x00000834      0x159 ./src/3-firmware/cr_startup_lpc84x.o
 .debug_line    0x0000098d       0xc7 ./src/3-firmware/crp.o
 .debug_line    0x00000a54      0x201 ./src/3-firmware/dr_pll.o
 .debug_line    0x00000c55       0xe4 ./src/3-firmware/mtb.o
 .debug_line    0x00000d39      0x131 ./src/3-firmware/swm.o
 .debug_line    0x00000e6a      0xb2b ./src/2-aplicacion/aplicacion.o
 .debug_line    0x00001995      0xd09 ./src/2-aplicacion/inicializarInfotronic.o
 .debug_line    0x0000269e      0xb1b ./src/2-aplicacion/main.o
 .debug_line    0x000031b9      0x116 ./src/1-modulos/12-USART/ComunicacionAsincronica.o
 .debug_line    0x000032cf      0x5da ./src/1-modulos/12-USART/Uart.o
 .debug_line    0x000038a9      0x732 ./src/1-modulos/10-lcd/Lcd.o
 .debug_line    0x00003fdb      0x5af ./src/1-modulos/09-teclado/Teclado.o
 .debug_line    0x0000458a      0x88c ./src/1-modulos/08-display_de_segmentos/09C-display/display7Segmentos.o
 .debug_line    0x00004e16      0x46d ./src/1-modulos/08-display_de_segmentos/09B-segmentos/I4511Segmentos.o
 .debug_line    0x00005283      0x494 ./src/1-modulos/08-display_de_segmentos/09A-barrido/I4017Barrido.o
 .debug_line    0x00005717      0x1d3 ./src/1-modulos/06-PerifericosTemporizados/perifericotemporizado.o
 .debug_line    0x000058ea      0x5ab ./src/1-modulos/02-gpio/Gpio.o
 .debug_line    0x00005e95      0x1d7 e:/utn/info2/mcuxpressoide_11.9.1_2170/ide/plugins/com.nxp.mcuxpresso.tools.win32_11.9.1.202402080819/tools/bin/../lib/gcc/arm-none-eabi/12.3.1/../../../../arm-none-eabi/lib/thumb/v6-m/nofp\libcr_newlib_nohost.a(_cr_sbrk.o)
 .debug_line    0x0000606c       0x61 e:/utn/info2/mcuxpressoide_11.9.1_2170/ide/plugins/com.nxp.mcuxpresso.tools.win32_11.9.1.202402080819/tools/bin/../lib/gcc/arm-none-eabi/12.3.1/../../../../arm-none-eabi/lib/thumb/v6-m/nofp\libcr_newlib_nohost.a(_cr_check_heap.o)

.debug_str      0x00000000    0x16776
 .debug_str     0x00000000     0xcee2 ./src/3-firmware/systick/systick.o
                               0xcf40 (size before relaxing)
 .debug_str     0x0000cee2       0x35 ./src/3-firmware/aeabi_romdiv_patch.o
                                 0x8f (size before relaxing)
 .debug_str     0x0000cf17     0x5885 ./src/3-firmware/cr_cpp_config.o
                               0x8dff (size before relaxing)
 .debug_str     0x0001279c      0x226 ./src/3-firmware/cr_startup_lpc84x.o
                               0x3656 (size before relaxing)
 .debug_str     0x000129c2      0x2da ./src/3-firmware/crp.o
                               0x2e81 (size before relaxing)
 .debug_str     0x00012c9c      0xf6f ./src/3-firmware/dr_pll.o
                               0xdda1 (size before relaxing)
 .debug_str     0x00013c0b      0x524 ./src/3-firmware/mtb.o
                               0x32b6 (size before relaxing)
 .debug_str     0x0001412f      0x657 ./src/3-firmware/swm.o
                               0x3ae6 (size before relaxing)
 .debug_str     0x00014786      0x2e1 ./src/2-aplicacion/aplicacion.o
                               0xdd62 (size before relaxing)
 .debug_str     0x00014a67      0xa0b ./src/2-aplicacion/inicializarInfotronic.o
                               0xe880 (size before relaxing)
 .debug_str     0x00015472       0xf6 ./src/2-aplicacion/main.o
                               0xde65 (size before relaxing)
 .debug_str     0x00015568      0x2a5 ./src/1-modulos/12-USART/ComunicacionAsincronica.o
                               0x379f (size before relaxing)
 .debug_str     0x0001580d      0x2d1 ./src/1-modulos/12-USART/Uart.o
                               0xdc69 (size before relaxing)
 .debug_str     0x00015ade      0x1ec ./src/1-modulos/10-lcd/Lcd.o
                               0xd195 (size before relaxing)
 .debug_str     0x00015cca      0x15d ./src/1-modulos/09-teclado/Teclado.o
                               0xd168 (size before relaxing)
 .debug_str     0x00015e27      0x191 ./src/1-modulos/08-display_de_segmentos/09C-display/display7Segmentos.o
                               0xd49a (size before relaxing)
 .debug_str     0x00015fb8       0xf0 ./src/1-modulos/08-display_de_segmentos/09B-segmentos/I4511Segmentos.o
                               0xd0bb (size before relaxing)
 .debug_str     0x000160a8      0x14b ./src/1-modulos/08-display_de_segmentos/09A-barrido/I4017Barrido.o
                               0xd0ea (size before relaxing)
 .debug_str     0x000161f3      0x167 ./src/1-modulos/06-PerifericosTemporizados/perifericotemporizado.o
                               0xd103 (size before relaxing)
 .debug_str     0x0001635a      0x26a ./src/1-modulos/02-gpio/Gpio.o
                               0xd6d1 (size before relaxing)
 .debug_str     0x000165c4      0x18d e:/utn/info2/mcuxpressoide_11.9.1_2170/ide/plugins/com.nxp.mcuxpresso.tools.win32_11.9.1.202402080819/tools/bin/../lib/gcc/arm-none-eabi/12.3.1/../../../../arm-none-eabi/lib/thumb/v6-m/nofp\libcr_newlib_nohost.a(_cr_sbrk.o)
                                0x229 (size before relaxing)
 .debug_str     0x00016751       0x25 e:/utn/info2/mcuxpressoide_11.9.1_2170/ide/plugins/com.nxp.mcuxpresso.tools.win32_11.9.1.202402080819/tools/bin/../lib/gcc/arm-none-eabi/12.3.1/../../../../arm-none-eabi/lib/thumb/v6-m/nofp\libcr_newlib_nohost.a(_cr_check_heap.o)
                                0x174 (size before relaxing)

.comment        0x00000000       0x45
 .comment       0x00000000       0x45 ./src/3-firmware/systick/systick.o
                                 0x46 (size before relaxing)
 .comment       0x00000045       0x46 ./src/3-firmware/cr_cpp_config.o
 .comment       0x00000045       0x46 ./src/3-firmware/cr_startup_lpc84x.o
 .comment       0x00000045       0x46 ./src/3-firmware/crp.o
 .comment       0x00000045       0x46 ./src/3-firmware/dr_pll.o
 .comment       0x00000045       0x46 ./src/3-firmware/mtb.o
 .comment       0x00000045       0x46 ./src/3-firmware/swm.o
 .comment       0x00000045       0x46 ./src/2-aplicacion/aplicacion.o
 .comment       0x00000045       0x46 ./src/2-aplicacion/inicializarInfotronic.o
 .comment       0x00000045       0x46 ./src/2-aplicacion/main.o
 .comment       0x00000045       0x46 ./src/1-modulos/12-USART/ComunicacionAsincronica.o
 .comment       0x00000045       0x46 ./src/1-modulos/12-USART/Uart.o
 .comment       0x00000045       0x46 ./src/1-modulos/10-lcd/Lcd.o
 .comment       0x00000045       0x46 ./src/1-modulos/09-teclado/Teclado.o
 .comment       0x00000045       0x46 ./src/1-modulos/08-display_de_segmentos/09C-display/display7Segmentos.o
 .comment       0x00000045       0x46 ./src/1-modulos/08-display_de_segmentos/09B-segmentos/I4511Segmentos.o
 .comment       0x00000045       0x46 ./src/1-modulos/08-display_de_segmentos/09A-barrido/I4017Barrido.o
 .comment       0x00000045       0x46 ./src/1-modulos/06-PerifericosTemporizados/perifericotemporizado.o
 .comment       0x00000045       0x46 ./src/1-modulos/02-gpio/Gpio.o
 .comment       0x00000045       0x46 e:/utn/info2/mcuxpressoide_11.9.1_2170/ide/plugins/com.nxp.mcuxpresso.tools.win32_11.9.1.202402080819/tools/bin/../lib/gcc/arm-none-eabi/12.3.1/../../../../arm-none-eabi/lib/thumb/v6-m/nofp\libcr_newlib_nohost.a(_cr_sbrk.o)
 .comment       0x00000045       0x46 e:/utn/info2/mcuxpressoide_11.9.1_2170/ide/plugins/com.nxp.mcuxpresso.tools.win32_11.9.1.202402080819/tools/bin/../lib/gcc/arm-none-eabi/12.3.1/../../../../arm-none-eabi/lib/thumb/v6-m/nofp\libcr_newlib_nohost.a(_cr_check_heap.o)

.ARM.attributes
                0x00000000       0x2a
 .ARM.attributes
                0x00000000       0x2c ./src/3-firmware/systick/systick.o
 .ARM.attributes
                0x0000002c       0x1c ./src/3-firmware/aeabi_romdiv_patch.o
 .ARM.attributes
                0x00000048       0x2c ./src/3-firmware/cr_cpp_config.o
 .ARM.attributes
                0x00000074       0x2c ./src/3-firmware/cr_startup_lpc84x.o
 .ARM.attributes
                0x000000a0       0x2c ./src/3-firmware/crp.o
 .ARM.attributes
                0x000000cc       0x2c ./src/3-firmware/dr_pll.o
 .ARM.attributes
                0x000000f8       0x2c ./src/3-firmware/mtb.o
 .ARM.attributes
                0x00000124       0x2c ./src/3-firmware/swm.o
 .ARM.attributes
                0x00000150       0x2c ./src/2-aplicacion/aplicacion.o
 .ARM.attributes
                0x0000017c       0x2c ./src/2-aplicacion/inicializarInfotronic.o
 .ARM.attributes
                0x000001a8       0x2c ./src/2-aplicacion/main.o
 .ARM.attributes
                0x000001d4       0x2c ./src/1-modulos/12-USART/ComunicacionAsincronica.o
 .ARM.attributes
                0x00000200       0x2c ./src/1-modulos/12-USART/Uart.o
 .ARM.attributes
                0x0000022c       0x2c ./src/1-modulos/10-lcd/Lcd.o
 .ARM.attributes
                0x00000258       0x2c ./src/1-modulos/09-teclado/Teclado.o
 .ARM.attributes
                0x00000284       0x2c ./src/1-modulos/08-display_de_segmentos/09C-display/display7Segmentos.o
 .ARM.attributes
                0x000002b0       0x2c ./src/1-modulos/08-display_de_segmentos/09B-segmentos/I4511Segmentos.o
 .ARM.attributes
                0x000002dc       0x2c ./src/1-modulos/08-display_de_segmentos/09A-barrido/I4017Barrido.o
 .ARM.attributes
                0x00000308       0x2c ./src/1-modulos/06-PerifericosTemporizados/perifericotemporizado.o
 .ARM.attributes
                0x00000334       0x2c ./src/1-modulos/02-gpio/Gpio.o
 .ARM.attributes
                0x00000360       0x2c e:/utn/info2/mcuxpressoide_11.9.1_2170/ide/plugins/com.nxp.mcuxpresso.tools.win32_11.9.1.202402080819/tools/bin/../lib/gcc/arm-none-eabi/12.3.1/thumb/v6-m/nofp\libc.a(libc_a-malloc.o)
 .ARM.attributes
                0x0000038c       0x2c e:/utn/info2/mcuxpressoide_11.9.1_2170/ide/plugins/com.nxp.mcuxpresso.tools.win32_11.9.1.202402080819/tools/bin/../lib/gcc/arm-none-eabi/12.3.1/thumb/v6-m/nofp\libc.a(libc_a-mallocr.o)
 .ARM.attributes
                0x000003b8       0x2c e:/utn/info2/mcuxpressoide_11.9.1_2170/ide/plugins/com.nxp.mcuxpresso.tools.win32_11.9.1.202402080819/tools/bin/../lib/gcc/arm-none-eabi/12.3.1/thumb/v6-m/nofp\libc.a(libc_a-mlock.o)
 .ARM.attributes
                0x000003e4       0x2c e:/utn/info2/mcuxpressoide_11.9.1_2170/ide/plugins/com.nxp.mcuxpresso.tools.win32_11.9.1.202402080819/tools/bin/../lib/gcc/arm-none-eabi/12.3.1/thumb/v6-m/nofp\libc.a(libc_a-impure.o)
 .ARM.attributes
                0x00000410       0x2c e:/utn/info2/mcuxpressoide_11.9.1_2170/ide/plugins/com.nxp.mcuxpresso.tools.win32_11.9.1.202402080819/tools/bin/../lib/gcc/arm-none-eabi/12.3.1/thumb/v6-m/nofp\libc.a(libc_a-sbrkr.o)
 .ARM.attributes
                0x0000043c       0x2c e:/utn/info2/mcuxpressoide_11.9.1_2170/ide/plugins/com.nxp.mcuxpresso.tools.win32_11.9.1.202402080819/tools/bin/../lib/gcc/arm-none-eabi/12.3.1/thumb/v6-m/nofp\libc.a(libc_a-init.o)
 .ARM.attributes
                0x00000468       0x2c e:/utn/info2/mcuxpressoide_11.9.1_2170/ide/plugins/com.nxp.mcuxpresso.tools.win32_11.9.1.202402080819/tools/bin/../lib/gcc/arm-none-eabi/12.3.1/thumb/v6-m/nofp\libc.a(libc_a-lock.o)
 .ARM.attributes
                0x00000494       0x2c e:/utn/info2/mcuxpressoide_11.9.1_2170/ide/plugins/com.nxp.mcuxpresso.tools.win32_11.9.1.202402080819/tools/bin/../lib/gcc/arm-none-eabi/12.3.1/thumb/v6-m/nofp\libc.a(libc_a-sysconf.o)
 .ARM.attributes
                0x000004c0       0x2c e:/utn/info2/mcuxpressoide_11.9.1_2170/ide/plugins/com.nxp.mcuxpresso.tools.win32_11.9.1.202402080819/tools/bin/../lib/gcc/arm-none-eabi/12.3.1/thumb/v6-m/nofp\libc.a(libc_a-freer.o)
 .ARM.attributes
                0x000004ec       0x2c e:/utn/info2/mcuxpressoide_11.9.1_2170/ide/plugins/com.nxp.mcuxpresso.tools.win32_11.9.1.202402080819/tools/bin/../lib/gcc/arm-none-eabi/12.3.1/thumb/v6-m/nofp\libc.a(libc_a-findfp.o)
 .ARM.attributes
                0x00000518       0x2c e:/utn/info2/mcuxpressoide_11.9.1_2170/ide/plugins/com.nxp.mcuxpresso.tools.win32_11.9.1.202402080819/tools/bin/../lib/gcc/arm-none-eabi/12.3.1/thumb/v6-m/nofp\libc.a(libc_a-reent.o)
 .ARM.attributes
                0x00000544       0x2c e:/utn/info2/mcuxpressoide_11.9.1_2170/ide/plugins/com.nxp.mcuxpresso.tools.win32_11.9.1.202402080819/tools/bin/../lib/gcc/arm-none-eabi/12.3.1/thumb/v6-m/nofp\libc.a(libc_a-errno.o)
 .ARM.attributes
                0x00000570       0x2c e:/utn/info2/mcuxpressoide_11.9.1_2170/ide/plugins/com.nxp.mcuxpresso.tools.win32_11.9.1.202402080819/tools/bin/../lib/gcc/arm-none-eabi/12.3.1/thumb/v6-m/nofp\libstdc++.a(del_ops.o)
 .ARM.attributes
                0x0000059c       0x2c e:/utn/info2/mcuxpressoide_11.9.1_2170/ide/plugins/com.nxp.mcuxpresso.tools.win32_11.9.1.202402080819/tools/bin/../lib/gcc/arm-none-eabi/12.3.1/../../../../arm-none-eabi/lib/thumb/v6-m/nofp\libcr_newlib_nohost.a(_cr_sbrk.o)
 .ARM.attributes
                0x000005c8       0x2c e:/utn/info2/mcuxpressoide_11.9.1_2170/ide/plugins/com.nxp.mcuxpresso.tools.win32_11.9.1.202402080819/tools/bin/../lib/gcc/arm-none-eabi/12.3.1/../../../../arm-none-eabi/lib/thumb/v6-m/nofp\libcr_newlib_nohost.a(_cr_check_heap.o)
 .ARM.attributes
                0x000005f4       0x1e e:/utn/info2/mcuxpressoide_11.9.1_2170/ide/plugins/com.nxp.mcuxpresso.tools.win32_11.9.1.202402080819/tools/bin/../lib/gcc/arm-none-eabi/12.3.1/thumb/v6-m/nofp\crti.o
 .ARM.attributes
                0x00000612       0x1e e:/utn/info2/mcuxpressoide_11.9.1_2170/ide/plugins/com.nxp.mcuxpresso.tools.win32_11.9.1.202402080819/tools/bin/../lib/gcc/arm-none-eabi/12.3.1/thumb/v6-m/nofp\crtn.o
 .ARM.attributes
                0x00000630       0x2c e:/utn/info2/mcuxpressoide_11.9.1_2170/ide/plugins/com.nxp.mcuxpresso.tools.win32_11.9.1.202402080819/tools/bin/../lib/gcc/arm-none-eabi/12.3.1/thumb/v6-m/nofp\crtbegin.o
 .ARM.attributes
                0x0000065c       0x2c e:/utn/info2/mcuxpressoide_11.9.1_2170/ide/plugins/com.nxp.mcuxpresso.tools.win32_11.9.1.202402080819/tools/bin/../lib/gcc/arm-none-eabi/12.3.1/thumb/v6-m/nofp\crtend.o

.debug_frame    0x00000000     0x1430
 .debug_frame   0x00000000       0x6c ./src/3-firmware/systick/systick.o
 .debug_frame   0x0000006c       0xcc ./src/3-firmware/cr_cpp_config.o
 .debug_frame   0x00000138      0x118 ./src/3-firmware/cr_startup_lpc84x.o
 .debug_frame   0x00000250       0x48 ./src/3-firmware/dr_pll.o
 .debug_frame   0x00000298       0x50 ./src/3-firmware/swm.o
 .debug_frame   0x000002e8       0x30 ./src/2-aplicacion/aplicacion.o
 .debug_frame   0x00000318      0x1c8 ./src/2-aplicacion/inicializarInfotronic.o
 .debug_frame   0x000004e0       0x34 ./src/2-aplicacion/main.o
 .debug_frame   0x00000514       0x70 ./src/1-modulos/12-USART/ComunicacionAsincronica.o
 .debug_frame   0x00000584      0x240 ./src/1-modulos/12-USART/Uart.o
 .debug_frame   0x000007c4       0xf4 ./src/1-modulos/10-lcd/Lcd.o
 .debug_frame   0x000008b8       0xf4 ./src/1-modulos/09-teclado/Teclado.o
 .debug_frame   0x000009ac       0xb4 ./src/1-modulos/08-display_de_segmentos/09C-display/display7Segmentos.o
 .debug_frame   0x00000a60       0xd0 ./src/1-modulos/08-display_de_segmentos/09B-segmentos/I4511Segmentos.o
 .debug_frame   0x00000b30      0x110 ./src/1-modulos/08-display_de_segmentos/09A-barrido/I4017Barrido.o
 .debug_frame   0x00000c40       0x90 ./src/1-modulos/06-PerifericosTemporizados/perifericotemporizado.o
 .debug_frame   0x00000cd0      0x320 ./src/1-modulos/02-gpio/Gpio.o
 .debug_frame   0x00000ff0       0x40 e:/utn/info2/mcuxpressoide_11.9.1_2170/ide/plugins/com.nxp.mcuxpresso.tools.win32_11.9.1.202402080819/tools/bin/../lib/gcc/arm-none-eabi/12.3.1/thumb/v6-m/nofp\libc.a(libc_a-malloc.o)
 .debug_frame   0x00001030       0x3c e:/utn/info2/mcuxpressoide_11.9.1_2170/ide/plugins/com.nxp.mcuxpresso.tools.win32_11.9.1.202402080819/tools/bin/../lib/gcc/arm-none-eabi/12.3.1/thumb/v6-m/nofp\libc.a(libc_a-mallocr.o)
 .debug_frame   0x0000106c       0x40 e:/utn/info2/mcuxpressoide_11.9.1_2170/ide/plugins/com.nxp.mcuxpresso.tools.win32_11.9.1.202402080819/tools/bin/../lib/gcc/arm-none-eabi/12.3.1/thumb/v6-m/nofp\libc.a(libc_a-mlock.o)
 .debug_frame   0x000010ac       0x2c e:/utn/info2/mcuxpressoide_11.9.1_2170/ide/plugins/com.nxp.mcuxpresso.tools.win32_11.9.1.202402080819/tools/bin/../lib/gcc/arm-none-eabi/12.3.1/thumb/v6-m/nofp\libc.a(libc_a-sbrkr.o)
 .debug_frame   0x000010d8       0x2c e:/utn/info2/mcuxpressoide_11.9.1_2170/ide/plugins/com.nxp.mcuxpresso.tools.win32_11.9.1.202402080819/tools/bin/../lib/gcc/arm-none-eabi/12.3.1/thumb/v6-m/nofp\libc.a(libc_a-init.o)
 .debug_frame   0x00001104       0xb0 e:/utn/info2/mcuxpressoide_11.9.1_2170/ide/plugins/com.nxp.mcuxpresso.tools.win32_11.9.1.202402080819/tools/bin/../lib/gcc/arm-none-eabi/12.3.1/thumb/v6-m/nofp\libc.a(libc_a-lock.o)
 .debug_frame   0x000011b4       0x28 e:/utn/info2/mcuxpressoide_11.9.1_2170/ide/plugins/com.nxp.mcuxpresso.tools.win32_11.9.1.202402080819/tools/bin/../lib/gcc/arm-none-eabi/12.3.1/thumb/v6-m/nofp\libc.a(libc_a-sysconf.o)
 .debug_frame   0x000011dc       0x5c e:/utn/info2/mcuxpressoide_11.9.1_2170/ide/plugins/com.nxp.mcuxpresso.tools.win32_11.9.1.202402080819/tools/bin/../lib/gcc/arm-none-eabi/12.3.1/thumb/v6-m/nofp\libc.a(libc_a-freer.o)
 .debug_frame   0x00001238      0x138 e:/utn/info2/mcuxpressoide_11.9.1_2170/ide/plugins/com.nxp.mcuxpresso.tools.win32_11.9.1.202402080819/tools/bin/../lib/gcc/arm-none-eabi/12.3.1/thumb/v6-m/nofp\libc.a(libc_a-findfp.o)
 .debug_frame   0x00001370       0x2c e:/utn/info2/mcuxpressoide_11.9.1_2170/ide/plugins/com.nxp.mcuxpresso.tools.win32_11.9.1.202402080819/tools/bin/../lib/gcc/arm-none-eabi/12.3.1/thumb/v6-m/nofp\libc.a(libc_a-reent.o)
 .debug_frame   0x0000139c       0x20 e:/utn/info2/mcuxpressoide_11.9.1_2170/ide/plugins/com.nxp.mcuxpresso.tools.win32_11.9.1.202402080819/tools/bin/../lib/gcc/arm-none-eabi/12.3.1/thumb/v6-m/nofp\libc.a(libc_a-errno.o)
 .debug_frame   0x000013bc       0x28 e:/utn/info2/mcuxpressoide_11.9.1_2170/ide/plugins/com.nxp.mcuxpresso.tools.win32_11.9.1.202402080819/tools/bin/../lib/gcc/arm-none-eabi/12.3.1/thumb/v6-m/nofp\libstdc++.a(del_ops.o)
 .debug_frame   0x000013e4       0x2c e:/utn/info2/mcuxpressoide_11.9.1_2170/ide/plugins/com.nxp.mcuxpresso.tools.win32_11.9.1.202402080819/tools/bin/../lib/gcc/arm-none-eabi/12.3.1/../../../../arm-none-eabi/lib/thumb/v6-m/nofp\libcr_newlib_nohost.a(_cr_sbrk.o)
 .debug_frame   0x00001410       0x20 e:/utn/info2/mcuxpressoide_11.9.1_2170/ide/plugins/com.nxp.mcuxpresso.tools.win32_11.9.1.202402080819/tools/bin/../lib/gcc/arm-none-eabi/12.3.1/../../../../arm-none-eabi/lib/thumb/v6-m/nofp\libcr_newlib_nohost.a(_cr_check_heap.o)

.debug_loc      0x00000000       0x8b
 .debug_loc     0x00000000       0x69 e:/utn/info2/mcuxpressoide_11.9.1_2170/ide/plugins/com.nxp.mcuxpresso.tools.win32_11.9.1.202402080819/tools/bin/../lib/gcc/arm-none-eabi/12.3.1/../../../../arm-none-eabi/lib/thumb/v6-m/nofp\libcr_newlib_nohost.a(_cr_sbrk.o)
 .debug_loc     0x00000069       0x22 e:/utn/info2/mcuxpressoide_11.9.1_2170/ide/plugins/com.nxp.mcuxpresso.tools.win32_11.9.1.202402080819/tools/bin/../lib/gcc/arm-none-eabi/12.3.1/../../../../arm-none-eabi/lib/thumb/v6-m/nofp\libcr_newlib_nohost.a(_cr_check_heap.o)

Cross Reference Table

Symbol                                            File
ADC_OVR_IRQHandler                                ./src/3-firmware/cr_startup_lpc84x.o
ADC_SEQA_IRQHandler                               ./src/3-firmware/cr_startup_lpc84x.o
ADC_SEQB_IRQHandler                               ./src/3-firmware/cr_startup_lpc84x.o
ADC_THCMP_IRQHandler                              ./src/3-firmware/cr_startup_lpc84x.o
BOD_IRQHandler                                    ./src/3-firmware/cr_startup_lpc84x.o
Barrido::Barrido()                                ./src/2-aplicacion/inicializarInfotronic.o
Barrido::Barrido()                                ./src/2-aplicacion/inicializarInfotronic.o
Barrido::~Barrido()                               ./src/1-modulos/08-display_de_segmentos/09A-barrido/I4017Barrido.o
Barrido::~Barrido()                               ./src/1-modulos/08-display_de_segmentos/09A-barrido/I4017Barrido.o
Barrido::~Barrido()                               ./src/1-modulos/08-display_de_segmentos/09A-barrido/I4017Barrido.o
BusLcd                                            ./src/2-aplicacion/inicializarInfotronic.o
CMP_IRQHandler                                    ./src/3-firmware/cr_startup_lpc84x.o
CRP_WORD                                          ./src/3-firmware/crp.o
CTIMER0_IRQHandler                                ./src/3-firmware/cr_startup_lpc84x.o
ComunicacionAsincronica::ComunicacionAsincronica() ./src/1-modulos/12-USART/ComunicacionAsincronica.o
ComunicacionAsincronica::ComunicacionAsincronica() ./src/1-modulos/12-USART/ComunicacionAsincronica.o
                                                  ./src/1-modulos/12-USART/Uart.o
ComunicacionAsincronica::~ComunicacionAsincronica() ./src/1-modulos/12-USART/ComunicacionAsincronica.o
ComunicacionAsincronica::~ComunicacionAsincronica() ./src/1-modulos/12-USART/ComunicacionAsincronica.o
                                                  ./src/1-modulos/12-USART/Uart.o
ComunicacionAsincronica::~ComunicacionAsincronica() ./src/1-modulos/12-USART/ComunicacionAsincronica.o
DAC0_IRQHandler                                   ./src/3-firmware/cr_startup_lpc84x.o
DMA_IRQHandler                                    ./src/3-firmware/cr_startup_lpc84x.o
DigitalInputs::DigitalInputs(unsigned char, unsigned char, unsigned char, unsigned char, unsigned char) ./src/1-modulos/04-EntradasDigitales/digital_inputs.o
DigitalInputs::DigitalInputs(unsigned char, unsigned char, unsigned char, unsigned char, unsigned char) ./src/1-modulos/04-EntradasDigitales/digital_inputs.o
DigitalInputs::HandlerDelPeriferico()             ./src/1-modulos/04-EntradasDigitales/digital_inputs.o
DigitalInputs::get()                              ./src/1-modulos/04-EntradasDigitales/digital_inputs.o
DigitalInputs::operator bool()                    ./src/1-modulos/04-EntradasDigitales/digital_inputs.o
DigitalInputs::operator!()                        ./src/1-modulos/04-EntradasDigitales/digital_inputs.o
DigitalInputs::~DigitalInputs()                   ./src/1-modulos/04-EntradasDigitales/digital_inputs.o
DigitalInputs::~DigitalInputs()                   ./src/1-modulos/04-EntradasDigitales/digital_inputs.o
DigitalInputs::~DigitalInputs()                   ./src/1-modulos/04-EntradasDigitales/digital_inputs.o
DigitalOutputs::DigitalOutputs(unsigned char, unsigned char, unsigned char, unsigned char, unsigned char) ./src/1-modulos/05-SalidasDigitales/digital_outputs.o
DigitalOutputs::DigitalOutputs(unsigned char, unsigned char, unsigned char, unsigned char, unsigned char) ./src/1-modulos/05-SalidasDigitales/digital_outputs.o
DigitalOutputs::HandlerDelPeriferico()            ./src/1-modulos/05-SalidasDigitales/digital_outputs.o
DigitalOutputs::clr()                             ./src/1-modulos/05-SalidasDigitales/digital_outputs.o
DigitalOutputs::operator=(unsigned char)          ./src/1-modulos/05-SalidasDigitales/digital_outputs.o
DigitalOutputs::set()                             ./src/1-modulos/05-SalidasDigitales/digital_outputs.o
DigitalOutputs::~DigitalOutputs()                 ./src/1-modulos/05-SalidasDigitales/digital_outputs.o
DigitalOutputs::~DigitalOutputs()                 ./src/1-modulos/05-SalidasDigitales/digital_outputs.o
DigitalOutputs::~DigitalOutputs()                 ./src/1-modulos/05-SalidasDigitales/digital_outputs.o
Display7Segmentos::Display7Segmentos(Segmentos*, Barrido*, GrupoDeDigitos*, unsigned char*) ./src/1-modulos/08-display_de_segmentos/09C-display/display7Segmentos.o
                                                  ./src/2-aplicacion/inicializarInfotronic.o
Display7Segmentos::Display7Segmentos(Segmentos*, Barrido*, GrupoDeDigitos*, unsigned char*) ./src/1-modulos/08-display_de_segmentos/09C-display/display7Segmentos.o
Display7Segmentos::HandlerDelPeriferico()         ./src/1-modulos/08-display_de_segmentos/09C-display/display7Segmentos.o
Display7Segmentos::SetDisplay(unsigned int, Display7Segmentos::nDisplay) ./src/1-modulos/08-display_de_segmentos/09C-display/display7Segmentos.o
                                                  ./src/2-aplicacion/main.o
Display7Segmentos::~Display7Segmentos()           ./src/1-modulos/08-display_de_segmentos/09C-display/display7Segmentos.o
Display7Segmentos::~Display7Segmentos()           ./src/1-modulos/08-display_de_segmentos/09C-display/display7Segmentos.o
Display7Segmentos::~Display7Segmentos()           ./src/1-modulos/08-display_de_segmentos/09C-display/display7Segmentos.o
                                                  ./src/2-aplicacion/inicializarInfotronic.o
FAIM_IRQHandler                                   ./src/3-firmware/cr_startup_lpc84x.o
FLASH_IRQHandler                                  ./src/3-firmware/cr_startup_lpc84x.o
Gpio::ClrPin()                                    ./src/1-modulos/02-gpio/Gpio.o
                                                  ./src/1-modulos/04-EntradasDigitales/digital_inputs.o
                                                  ./src/1-modulos/05-SalidasDigitales/digital_outputs.o
                                                  ./src/2-aplicacion/inicializarInfotronic.o
Gpio::GetPin() const                              ./src/1-modulos/02-gpio/Gpio.o
                                                  ./src/1-modulos/04-EntradasDigitales/digital_inputs.o
                                                  ./src/1-modulos/05-SalidasDigitales/digital_outputs.o
Gpio::Gpio(unsigned char, unsigned char, unsigned char, unsigned char, unsigned char) ./src/1-modulos/02-gpio/Gpio.o
                                                  ./src/2-aplicacion/inicializarInfotronic.o
Gpio::Gpio(unsigned char, unsigned char, unsigned char, unsigned char, unsigned char) ./src/1-modulos/02-gpio/Gpio.o
                                                  ./src/1-modulos/04-EntradasDigitales/digital_inputs.o
                                                  ./src/1-modulos/05-SalidasDigitales/digital_outputs.o
Gpio::SetDirInputs()                              ./src/1-modulos/02-gpio/Gpio.o
                                                  ./src/1-modulos/04-EntradasDigitales/digital_inputs.o
                                                  ./src/1-modulos/05-SalidasDigitales/digital_outputs.o
Gpio::SetDirOutputs()                             ./src/1-modulos/02-gpio/Gpio.o
                                                  ./src/1-modulos/04-EntradasDigitales/digital_inputs.o
                                                  ./src/1-modulos/05-SalidasDigitales/digital_outputs.o
Gpio::SetPin()                                    ./src/1-modulos/02-gpio/Gpio.o
                                                  ./src/1-modulos/04-EntradasDigitales/digital_inputs.o
                                                  ./src/1-modulos/05-SalidasDigitales/digital_outputs.o
Gpio::SetPinModeIn()                              ./src/1-modulos/02-gpio/Gpio.o
                                                  ./src/1-modulos/04-EntradasDigitales/digital_inputs.o
                                                  ./src/1-modulos/05-SalidasDigitales/digital_outputs.o
Gpio::SetPinModeOut()                             ./src/1-modulos/02-gpio/Gpio.o
                                                  ./src/1-modulos/04-EntradasDigitales/digital_inputs.o
                                                  ./src/1-modulos/05-SalidasDigitales/digital_outputs.o
Gpio::SetToggleDir()                              ./src/1-modulos/02-gpio/Gpio.o
Gpio::SetTogglePin()                              ./src/1-modulos/02-gpio/Gpio.o
                                                  ./src/1-modulos/04-EntradasDigitales/digital_inputs.o
                                                  ./src/1-modulos/05-SalidasDigitales/digital_outputs.o
Gpio::operator bool()                             ./src/1-modulos/02-gpio/Gpio.o
Gpio::operator=(bool)                             ./src/1-modulos/02-gpio/Gpio.o
Gpio::operator==(Gpio&)                           ./src/1-modulos/02-gpio/Gpio.o