../src/1-modulos/12-USART/Uart.cpp:46:1:Uart::Uart(uint8_t, uint8_t, uint8_t, uint8_t, uint8_t, uint32_t, bits_de_datos, paridad_t, uint32_t, uint32_t)	32	static
../src/1-modulos/12-USART/Uart.cpp:133:1:Uart::~Uart()	16	static
../src/1-modulos/12-USART/Uart.cpp:133:1:virtual Uart::~Uart()	16	static
../src/1-modulos/12-USART/Uart.cpp:137:6:virtual void Uart::pushRx(uint8_t)	16	static
../src/1-modulos/12-USART/Uart.cpp:144:9:virtual uint8_t Uart::popRx(uint8_t*)	16	static
../src/1-modulos/12-USART/Uart.cpp:156:6:virtual void Uart::pushTx(uint8_t)	16	static
../src/1-modulos/12-USART/Uart.cpp:163:9:virtual uint8_t Uart::popTx(uint8_t*)	16	static
../src/1-modulos/12-USART/Uart.cpp:175:6:virtual void Uart::Transmit(const char*)	16	static
../src/1-modulos/12-USART/Uart.cpp:190:6:virtual void Uart::Transmit(void*, uint32_t)	32	static
../src/1-modulos/12-USART/Uart.cpp:204:9:virtual uint8_t Uart::Message(void*, uint32_t)	40	static
../src/1-modulos/12-USART/Uart.cpp:227:6:void Uart::Tx_EnableInterupt()	16	static
../src/1-modulos/12-USART/Uart.cpp:232:6:void Uart::Tx_DisableInterupt()	16	static
../src/1-modulos/12-USART/Uart.cpp:237:6:virtual void Uart::UART_IRQHandler()	40	static
../src/1-modulos/12-USART/Uart.cpp:263:6:void UART0_IRQHandler()	8	static
../src/1-modulos/12-USART/Uart.cpp:267:6:void UART1_IRQHandler()	8	static
../src/1-modulos/12-USART/Uart.cpp:271:6:void UART2_IRQHandler()	8	static
../src/1-modulos/12-USART/Uart.cpp:275:6:void PININT6_IRQHandler()	8	static
../src/1-modulos/12-USART/Uart.cpp:279:7:void PININT7_IRQHandler()	8	static
