C:\Users\faust\Documents\MCUXpressoIDE_11.9.1_2170\workspace\uart.zip_expanded\UART\src\1-modulos\01-pin\in/Inputs.h:23:11:Inputs::~Inputs()	16	static
C:\Users\faust\Documents\MCUXpressoIDE_11.9.1_2170\workspace\uart.zip_expanded\UART\src\1-modulos\01-pin\in/Inputs.h:23:11:virtual Inputs::~Inputs()	16	static
C:\Users\faust\Documents\MCUXpressoIDE_11.9.1_2170\workspace\uart.zip_expanded\UART\src\1-modulos\01-pin\out/Outputs.h:50:11:Outputs::~Outputs()	16	static
C:\Users\faust\Documents\MCUXpressoIDE_11.9.1_2170\workspace\uart.zip_expanded\UART\src\1-modulos\01-pin\out/Outputs.h:50:11:virtual Outputs::~Outputs()	16	static
C:\Users\faust\Documents\MCUXpressoIDE_11.9.1_2170\workspace\uart.zip_expanded\UART\src\1-modulos\02-gpio/gpio.h:79:3:Gpio::~Gpio()	16	static
C:\Users\faust\Documents\MCUXpressoIDE_11.9.1_2170\workspace\uart.zip_expanded\UART\src\1-modulos\02-gpio/gpio.h:79:3:virtual Gpio::~Gpio()	16	static
../src/1-modulos/05-SalidasDigitales/digital_outputs.h:56:11:DigitalOutputs::~DigitalOutputs()	16	static
../src/1-modulos/05-SalidasDigitales/digital_outputs.h:56:11:virtual DigitalOutputs::~DigitalOutputs()	16	static
../src/1-modulos/05-SalidasDigitales/digital_outputs.cpp:42:1:DigitalOutputs::DigitalOutputs(uint8_t, uint8_t, uint8_t, uint8_t, uint8_t)	32	static
../src/1-modulos/05-SalidasDigitales/digital_outputs.cpp:50:8:int8_t DigitalOutputs::set()	16	static
../src/1-modulos/05-SalidasDigitales/digital_outputs.cpp:56:8:int8_t DigitalOutputs::clr()	16	static
../src/1-modulos/05-SalidasDigitales/digital_outputs.cpp:63:17:DigitalOutputs& DigitalOutputs::operator=(uint8_t)	16	static
../src/1-modulos/05-SalidasDigitales/digital_outputs.cpp:69:6:virtual void DigitalOutputs::HandlerDelPeriferico()	16	static
