C:\Users\faust\Documents\MCUXpressoIDE_11.9.1_2170\workspace\uart.zip_expanded\UART\src\1-modulos\01-pin\in/Inputs.h:23:11:Inputs::~Inputs()	16	static
C:\Users\faust\Documents\MCUXpressoIDE_11.9.1_2170\workspace\uart.zip_expanded\UART\src\1-modulos\01-pin\in/Inputs.h:23:11:virtual Inputs::~Inputs()	16	static
C:\Users\faust\Documents\MCUXpressoIDE_11.9.1_2170\workspace\uart.zip_expanded\UART\src\1-modulos\01-pin\out/Outputs.h:50:11:Outputs::~Outputs()	16	static
C:\Users\faust\Documents\MCUXpressoIDE_11.9.1_2170\workspace\uart.zip_expanded\UART\src\1-modulos\01-pin\out/Outputs.h:50:11:virtual Outputs::~Outputs()	16	static
C:\Users\faust\Documents\MCUXpressoIDE_11.9.1_2170\workspace\uart.zip_expanded\UART\src\1-modulos\02-gpio/Gpio.h:79:3:Gpio::~Gpio()	16	static
C:\Users\faust\Documents\MCUXpressoIDE_11.9.1_2170\workspace\uart.zip_expanded\UART\src\1-modulos\02-gpio/Gpio.h:79:3:virtual Gpio::~Gpio()	16	static
C:\Users\faust\Documents\MCUXpressoIDE_11.9.1_2170\workspace\uart.zip_expanded\UART\src/1-modulos/08-display_de_segmentos/09A-barrido/barrido-interfaz/Barrido.h:44:3:Barrido::Barrido()	16	static
C:\Users\faust\Documents\MCUXpressoIDE_11.9.1_2170\workspace\uart.zip_expanded\UART\src\1-modulos\08-display_de_segmentos\09A-barrido/I4017Barrido.h:51:3:I4017_Barrido::I4017_Barrido(Gpio**)	16	static
C:\Users\faust\Documents\MCUXpressoIDE_11.9.1_2170\workspace\uart.zip_expanded\UART\src/1-modulos/08-display_de_segmentos/09B-segmentos/segmentos-interfaz/Segmentos.h:45:3:Segmentos::Segmentos()	16	static
C:\Users\faust\Documents\MCUXpressoIDE_11.9.1_2170\workspace\uart.zip_expanded\UART\src\1-modulos\08-display_de_segmentos\09B-segmentos/I4511Segmentos.h:47:3:I4511_Segmentos::I4511_Segmentos(Gpio**)	16	static
../src/2-aplicacion/inicializarInfotronic.cpp:134:6:void InicializarInfotronic()	8	static
../src/2-aplicacion/inicializarInfotronic.cpp:144:1:void __static_initialization_and_destruction_0(int, int)	56	static
../src/2-aplicacion/inicializarInfotronic.cpp:144:1:cpp)	8	static
